Archive member included because of file (symbol)

libbb/lib.a(appletlib.o)      /opt/codesourcery/arm-none-linux-gnueabi/libc/usr/lib/crt1.o (main)
libbb/lib.a(bb_basename.o)    libbb/lib.a(appletlib.o) (bb_basename)
libbb/lib.a(default_error_retval.o)
                              libbb/lib.a(appletlib.o) (xfunc_error_retval)
libbb/lib.a(error_msg_and_die.o)
                              libbb/lib.a(appletlib.o) (xfunc_die)
libbb/lib.a(get_last_path_component.o)
                              libbb/lib.a(appletlib.o) (bb_get_last_path_component_nostrip)
libbb/lib.a(last_char_is.o)   libbb/lib.a(get_last_path_component.o) (last_char_is)
libbb/lib.a(messages.o)       libbb/lib.a(appletlib.o) (bb_banner)
libbb/lib.a(verror_msg.o)     libbb/lib.a(error_msg_and_die.o) (bb_verror_msg)
libbb/lib.a(xfuncs.o)         libbb/lib.a(appletlib.o) (get_terminal_width_height)
libbb/lib.a(copyfd.o)         libbb/lib.a(xfuncs.o) (bb_copyfd_eof)
libbb/lib.a(error_msg.o)      libbb/lib.a(xfuncs.o) (bb_error_msg)
libbb/lib.a(full_write.o)     libbb/lib.a(verror_msg.o) (full_write)
libbb/lib.a(perror_msg.o)     libbb/lib.a(xfuncs.o) (bb_perror_msg)
libbb/lib.a(perror_msg_and_die.o)
                              libbb/lib.a(xfuncs.o) (bb_perror_msg_and_die)
libbb/lib.a(read.o)           libbb/lib.a(xfuncs.o) (safe_read)
libbb/lib.a(safe_write.o)     libbb/lib.a(full_write.o) (safe_write)
miscutils/lib.a(less.o)       libbb/lib.a(appletlib.o) (less_main)
miscutils/lib.a(time.o)       libbb/lib.a(appletlib.o) (time_main)
modutils/lib.a(insmod.o)      libbb/lib.a(appletlib.o) (insmod_main)
modutils/lib.a(lsmod.o)       libbb/lib.a(appletlib.o) (lsmod_main)
modutils/lib.a(modprobe.o)    libbb/lib.a(appletlib.o) (modprobe_main)
modutils/lib.a(rmmod.o)       libbb/lib.a(appletlib.o) (rmmod_main)
procps/lib.a(free.o)          libbb/lib.a(appletlib.o) (free_main)
procps/lib.a(kill.o)          libbb/lib.a(appletlib.o) (kill_main)
procps/lib.a(ps.o)            libbb/lib.a(appletlib.o) (ps_main)
procps/lib.a(renice.o)        libbb/lib.a(appletlib.o) (renice_main)
procps/lib.a(sysctl.o)        libbb/lib.a(appletlib.o) (sysctl_main)
procps/lib.a(top.o)           libbb/lib.a(appletlib.o) (top_main)
procps/lib.a(uptime.o)        libbb/lib.a(appletlib.o) (uptime_main)
shell/lib.a(ash.o)            libbb/lib.a(appletlib.o) (ash_main)
util-linux/lib.a(dmesg.o)     libbb/lib.a(appletlib.o) (dmesg_main)
util-linux/lib.a(getopt.o)    libbb/lib.a(appletlib.o) (getopt_main)
util-linux/lib.a(hwclock.o)   libbb/lib.a(appletlib.o) (hwclock_main)
util-linux/lib.a(losetup.o)   libbb/lib.a(appletlib.o) (losetup_main)
util-linux/lib.a(more.o)      libbb/lib.a(appletlib.o) (more_main)
util-linux/lib.a(mount.o)     libbb/lib.a(appletlib.o) (mount_main)
util-linux/lib.a(swaponoff.o)
                              libbb/lib.a(appletlib.o) (swap_on_off_main)
util-linux/lib.a(umount.o)    libbb/lib.a(appletlib.o) (umount_main)
archival/lib.a(bbunzip.o)     libbb/lib.a(appletlib.o) (gunzip_main)
archival/lib.a(gzip.o)        libbb/lib.a(appletlib.o) (gzip_main)
archival/lib.a(tar.o)         libbb/lib.a(appletlib.o) (tar_main)
archival/lib.a(unzip.o)       libbb/lib.a(appletlib.o) (unzip_main)
archival/libunarchive/lib.a(data_extract_all.o)
                              archival/lib.a(tar.o) (data_extract_all)
archival/libunarchive/lib.a(data_extract_to_stdout.o)
                              archival/lib.a(tar.o) (data_extract_to_stdout)
archival/libunarchive/lib.a(data_skip.o)
                              archival/libunarchive/lib.a(data_extract_all.o) (data_skip)
archival/libunarchive/lib.a(decompress_uncompress.o)
                              archival/lib.a(bbunzip.o) (uncompress)
archival/libunarchive/lib.a(decompress_unzip.o)
                              archival/lib.a(unzip.o) (inflate_unzip)
archival/libunarchive/lib.a(filter_accept_reject_list.o)
                              archival/lib.a(tar.o) (filter_accept_reject_list)
archival/libunarchive/lib.a(find_list_entry.o)
                              archival/libunarchive/lib.a(filter_accept_reject_list.o) (find_list_entry2)
archival/libunarchive/lib.a(get_header_tar.o)
                              archival/lib.a(tar.o) (get_header_tar)
archival/libunarchive/lib.a(get_header_tar_gz.o)
                              archival/lib.a(tar.o) (get_header_tar_gz)
archival/libunarchive/lib.a(header_list.o)
                              archival/lib.a(tar.o) (header_list)
archival/libunarchive/lib.a(header_verbose_list.o)
                              archival/lib.a(tar.o) (header_verbose_list)
archival/libunarchive/lib.a(init_handle.o)
                              archival/lib.a(tar.o) (init_handle)
archival/libunarchive/lib.a(open_transformer.o)
                              archival/libunarchive/lib.a(get_header_tar_gz.o) (open_transformer)
archival/libunarchive/lib.a(seek_by_jump.o)
                              archival/libunarchive/lib.a(init_handle.o) (seek_by_jump)
[...]
Memory Configuration

Name             Origin             Length             Attributes
*default*        0x00000000         0xffffffff

Linker script and memory map

LOAD /opt/codesourcery/arm-none-linux-gnueabi/libc/usr/lib/crt1.o
LOAD /opt/codesourcery/arm-none-linux-gnueabi/libc/usr/lib/crti.o
LOAD /opt/codesourcery/lib/gcc/arm-none-linux-gnueabi/4.1.1/crtbegin.o
START GROUP
LOAD applets/built-in.o
LOAD archival/lib.a
LOAD archival/libunarchive/lib.a
LOAD console-tools/lib.a
LOAD coreutils/lib.a
LOAD coreutils/libcoreutils/lib.a
LOAD debianutils/lib.a
LOAD e2fsprogs/lib.a
LOAD editors/lib.a
LOAD findutils/lib.a
LOAD init/lib.a
LOAD ipsvd/lib.a
LOAD libbb/lib.a
LOAD libpwdgrp/lib.a
LOAD loginutils/lib.a
LOAD miscutils/lib.a
LOAD modutils/lib.a
LOAD networking/lib.a
LOAD networking/libiproute/lib.a
LOAD networking/udhcp/lib.a
LOAD procps/lib.a
LOAD runit/lib.a
LOAD selinux/lib.a
LOAD shell/lib.a
LOAD sysklogd/lib.a
LOAD util-linux/lib.a
LOAD archival/built-in.o
LOAD archival/libunarchive/built-in.o
LOAD console-tools/built-in.o
LOAD coreutils/built-in.o
LOAD coreutils/libcoreutils/built-in.o
LOAD debianutils/built-in.o
LOAD e2fsprogs/built-in.o
LOAD editors/built-in.o
LOAD findutils/built-in.o
LOAD init/built-in.o
LOAD ipsvd/built-in.o
LOAD libbb/built-in.o
LOAD libpwdgrp/built-in.o
LOAD loginutils/built-in.o
LOAD miscutils/built-in.o
LOAD modutils/built-in.o
LOAD networking/built-in.o
LOAD networking/libiproute/built-in.o
LOAD networking/udhcp/built-in.o
LOAD procps/built-in.o
LOAD runit/built-in.o
LOAD selinux/built-in.o
LOAD shell/built-in.o
LOAD sysklogd/built-in.o
LOAD util-linux/built-in.o
END GROUP
START GROUP
LOAD /opt/codesourcery/arm-none-linux-gnueabi/libc/usr/lib/libm.so
END GROUP
LOAD /opt/codesourcery/lib/gcc/arm-none-linux-gnueabi/4.1.1/libgcc.a
LOAD /opt/codesourcery/lib/gcc/arm-none-linux-gnueabi/4.1.1/../../../../arm-none-linux-gnueabi/lib/libgcc_s.so
LOAD /opt/codesourcery/arm-none-linux-gnueabi/libc/usr/lib/libc.so
START GROUP
LOAD /opt/codesourcery/arm-none-linux-gnueabi/libc/lib/libc.so.6
LOAD /opt/codesourcery/arm-none-linux-gnueabi/libc/usr/lib/libc_nonshared.a
END GROUP
LOAD /opt/codesourcery/lib/gcc/arm-none-linux-gnueabi/4.1.1/libgcc.a
LOAD /opt/codesourcery/lib/gcc/arm-none-linux-gnueabi/4.1.1/../../../../arm-none-linux-gnueabi/lib/libgcc_s.so
LOAD /opt/codesourcery/lib/gcc/arm-none-linux-gnueabi/4.1.1/crtend.o
LOAD /opt/codesourcery/arm-none-linux-gnueabi/libc/usr/lib/crtn.o
                0x00008000                PROVIDE (__executable_start, 0x8000)
                0x000080f4                . = (0x8000 + SIZEOF_HEADERS)

.interp         0x000080f4       0x13
 *(SORT(.interp))
 .interp        0x000080f4       0x13 /opt/codesourcery/arm-none-linux-gnueabi/libc/usr/lib/crti.o

.hash           0x00008108      0x854
 *(SORT(.hash))
 .hash          0x00008108      0x854 /opt/codesourcery/arm-none-linux-gnueabi/libc/usr/lib/crti.o

.dynsym         0x0000895c     0x10c0
 *(SORT(.dynsym))
 .dynsym        0x0000895c     0x10c0 /opt/codesourcery/arm-none-linux-gnueabi/libc/usr/lib/crti.o

.dynstr         0x00009a1c      0x84d
 *(SORT(.dynstr))
 .dynstr        0x00009a1c      0x84d /opt/codesourcery/arm-none-linux-gnueabi/libc/usr/lib/crti.o

.gnu.version    0x0000a26a      0x218
 *(SORT(.gnu.version))
 .gnu.version   0x0000a26a      0x218 /opt/codesourcery/arm-none-linux-gnueabi/libc/usr/lib/crti.o

.gnu.version_d  0x0000a484        0x0
 *(SORT(.gnu.version_d))
 .gnu.version_d
                0x00000000        0x0 /opt/codesourcery/arm-none-linux-gnueabi/libc/usr/lib/crti.o

.gnu.version_r  0x0000a484       0x60
 *(SORT(.gnu.version_r))
 .gnu.version_r
                0x0000a484       0x60 /opt/codesourcery/arm-none-linux-gnueabi/libc/usr/lib/crti.o

.rel.dyn        0x0000a4e4       0x50
 *(SORT(.rel.init))
 *(SORT(.rel.text) .rel.text.* .rel.gnu.linkonce.t.*)
 *(SORT(.rel.fini))
 *(SORT(.rel.rodata) .rel.rodata.* .rel.gnu.linkonce.r.*)
 *(SORT(.rel.data.rel.ro*) .rel.gnu.linkonce.d.rel.ro.*)
 *(SORT(.rel.data) .rel.data.* .rel.gnu.linkonce.d.*)
 *(SORT(.rel.tdata) .rel.tdata.* .rel.gnu.linkonce.td.*)
 *(SORT(.rel.tbss) .rel.tbss.* .rel.gnu.linkonce.tb.*)
 *(SORT(.rel.ctors))
 *(SORT(.rel.dtors))
 *(SORT(.rel.got))
 .rel.got       0x0000a4e4        0x8 /opt/codesourcery/arm-none-linux-gnueabi/libc/usr/lib/crti.o
 *(SORT(.rel.bss) .rel.bss.* .rel.gnu.linkonce.b.*)
 .rel.bss       0x0000a4ec       0x48 /opt/codesourcery/arm-none-linux-gnueabi/libc/usr/lib/crti.o

.rela.dyn
 *(SORT(.rela.init))
 *(SORT(.rela.text) .rela.text.* .rela.gnu.linkonce.t.*)
 *(SORT(.rela.fini))
 *(SORT(.rela.rodata) .rela.rodata.* .rela.gnu.linkonce.r.*)
 *(SORT(.rela.data) .rela.data.* .rela.gnu.linkonce.d.*)
 *(SORT(.rela.tdata) .rela.tdata.* .rela.gnu.linkonce.td.*)
 *(SORT(.rela.tbss) .rela.tbss.* .rela.gnu.linkonce.tb.*)
 *(SORT(.rela.ctors))
 *(SORT(.rela.dtors))
 *(SORT(.rela.got))
 *(SORT(.rela.bss) .rela.bss.* .rela.gnu.linkonce.b.*)

.rel.plt        0x0000a534      0x7a0
 *(SORT(.rel.plt))
 .rel.plt       0x0000a534      0x7a0 /opt/codesourcery/arm-none-linux-gnueabi/libc/usr/lib/crti.o

.rela.plt
 *(SORT(.rela.plt))

.init           0x0000acd4       0x14
 *(SORT(.init))
 .init          0x0000acd4        0xc /opt/codesourcery/arm-none-linux-gnueabi/libc/usr/lib/crti.o
                0x0000acd4                _init
 .init          0x0000ace0        0x8 /opt/codesourcery/arm-none-linux-gnueabi/libc/usr/lib/crtn.o

.plt            0x0000ace8      0xb84
 *(SORT(.plt))
 .plt           0x0000ace8      0xb84 /opt/codesourcery/arm-none-linux-gnueabi/libc/usr/lib/crti.o
                0x0000acfc                fflush@@GLIBC_2.4
                0x0000ad08                lchown@@GLIBC_2.4
                0x0000ad14                sqrt@@GLIBC_2.4
                0x0000ad20                statfs@@GLIBC_2.4
                0x0000ad2c                dup2@@GLIBC_2.4
                0x0000ad38                strcasecmp@@GLIBC_2.4
                0x0000ad44                fgets@@GLIBC_2.4
                0x0000ad50                _IO_getc@@GLIBC_2.4
                0x0000ad5c                ungetc@@GLIBC_2.4
                0x0000ad68                umount2@@GLIBC_2.4
                0x0000ad74                uname@@GLIBC_2.4
                0x0000ad80                strtoul@@GLIBC_2.4
                0x0000ad8c                __xstat@@GLIBC_2.4
                0x0000ad98                fscanf@@GLIBC_2.4
                0x0000ada4                __strcat_chk@@GLIBC_2.4
                0x0000adb0                syscall@@GLIBC_2.4
                0x0000adbc                strptime@@GLIBC_2.4
                0x0000adc8                mktime@@GLIBC_2.4
                0x0000add4                swapoff@@GLIBC_2.4
                0x0000ade0                memset@@GLIBC_2.4
                0x0000adec                setpwent@@GLIBC_2.4
                0x0000adf8                __ctype_tolower_loc@@GLIBC_2.4
                0x0000ae04                closedir@@GLIBC_2.4
                0x0000ae10                putchar@@GLIBC_2.4
                0x0000ae1c                isatty@@GLIBC_2.4
                0x0000ae28                strchrnul@@GLIBC_2.4
                0x0000ae34                _exit@@GLIBC_2.4
                0x0000ae40                strpbrk@@GLIBC_2.4
                0x0000ae4c                strchr@@GLIBC_2.4
                0x0000ae58                puts@@GLIBC_2.4
                0x0000ae64                getpagesize@@GLIBC_2.4
                0x0000ae70                abort@@GLIBC_2.4
                0x0000ae7c                execvp@@GLIBC_2.4
                0x0000ae88                islower@@GLIBC_2.4
                0x0000ae94                fseek@@GLIBC_2.4
                0x0000aea0                cfsetispeed@@GLIBC_2.4
                0x0000aeac                strncmp@@GLIBC_2.4
                0x0000aeb8                rand@@GLIBC_2.4
                0x0000aec4                sysinfo@@GLIBC_2.4
                0x0000aed0                mount@@GLIBC_2.4
                0x0000aedc                strspn@@GLIBC_2.4
                0x0000aee8                fputs@@GLIBC_2.4
                0x0000aef4                chown@@GLIBC_2.4
                0x0000af00                fcntl@@GLIBC_2.4
                0x0000af0c                lseek@@GLIBC_2.4
                0x0000af18                exp@@GLIBC_2.4
                0x0000af24                strcat@@GLIBC_2.4
                0x0000af30                klogctl@@GLIBC_2.4
                0x0000af3c                fileno@@GLIBC_2.4
                0x0000af48                cfgetospeed@@GLIBC_2.4
                0x0000af54                getrlimit@@GLIBC_2.4
                0x0000af60                pclose@@GLIBC_2.4
                0x0000af6c                rmdir@@GLIBC_2.4
                0x0000af78                getopt_long@@GLIBC_2.4
                0x0000af84                getgroups@@GLIBC_2.4
                0x0000af90                unsetenv@@GLIBC_2.4
                0x0000af9c                fnmatch@@GLIBC_2.4
                0x0000afa8                setmntent@@GLIBC_2.4
                0x0000afb4                pause@@GLIBC_2.4
                0x0000afc0                sigaddset@@GLIBC_2.4
                0x0000afcc                __libc_start_main@@GLIBC_2.4
                0x0000afd8                sigaction@@GLIBC_2.4
                0x0000afe4                syslog@@GLIBC_2.4
                0x0000aff0                ftruncate@@GLIBC_2.4
                0x0000affc                isalpha@@GLIBC_2.4
                0x0000b008                memcpy@@GLIBC_2.4
                0x0000b014                sigemptyset@@GLIBC_2.4
                0x0000b020                srand@@GLIBC_2.4
                0x0000b02c                execlp@@GLIBC_2.4
                0x0000b038                setpgid@@GLIBC_2.4
                0x0000b044                getopt_long_only@@GLIBC_2.4
                0x0000b050                dprintf@@GLIBC_2.4
                0x0000b05c                raise@@GLIBC_2.4
                0x0000b068                unlink@@GLIBC_2.4
                0x0000b074                utime@@GLIBC_2.4
                0x0000b080                toupper@@GLIBC_2.4
                0x0000b08c                umount@@GLIBC_2.4
                0x0000b098                kill@@GLIBC_2.4
                0x0000b0a4                popen@@GLIBC_2.4
                0x0000b0b0                __strcpy_chk@@GLIBC_2.4
                0x0000b0bc                longjmp@@GLIBC_2.4
                0x0000b0c8                ioctl@@GLIBC_2.4
                0x0000b0d4                signal@@GLIBC_2.4
                0x0000b0e0                dirname@@GLIBC_2.4
                0x0000b0ec                readdir@@GLIBC_2.4
                0x0000b0f8                tcsetattr@@GLIBC_2.4
                0x0000b104                getopt@@GLIBC_2.4
                0x0000b110                setsid@@GLIBC_2.4
                0x0000b11c                strcmp@@GLIBC_2.4
                0x0000b128                tcsetpgrp@@GLIBC_2.4
                0x0000b134                strrchr@@GLIBC_2.4
                0x0000b140                ctime@@GLIBC_2.4
                0x0000b14c                times@@GLIBC_2.4
                0x0000b158                isupper@@GLIBC_2.4
                0x0000b164                getpid@@GLIBC_2.4
                0x0000b170                strdup@@GLIBC_2.4
                0x0000b17c                write@@GLIBC_2.4
                0x0000b188                malloc@@GLIBC_2.4
                0x0000b194                isprint@@GLIBC_2.4
                0x0000b1a0                ftello@@GLIBC_2.4
                0x0000b1ac                gettimeofday@@GLIBC_2.4
                0x0000b1b8                fchmod@@GLIBC_2.4
                0x0000b1c4                gethostname@@GLIBC_2.4
                0x0000b1d0                stime@@GLIBC_2.4
                0x0000b1dc                strlen@@GLIBC_2.4
                0x0000b1e8                symlink@@GLIBC_2.4
                0x0000b1f4                strnlen@@GLIBC_2.4
                0x0000b200                regcomp@@GLIBC_2.4
                0x0000b20c                getgid@@GLIBC_2.4
                0x0000b218                poll@@GLIBC_2.4
                0x0000b224                regerror@@GLIBC_2.4
                0x0000b230                __ctype_toupper_loc@@GLIBC_2.4
                0x0000b23c                sigfillset@@GLIBC_2.4
                0x0000b248                regfree@@GLIBC_2.4
                0x0000b254                __printf_chk@@GLIBC_2.4
                0x0000b260                reboot@@GLIBC_2.4
                0x0000b26c                __cxa_atexit@@GLIBC_2.4
                0x0000b278                vasprintf@@GLIBC_2.4
                0x0000b284                sync@@GLIBC_2.4
                0x0000b290                __fprintf_chk@@GLIBC_2.4
                0x0000b29c                strstr@@GLIBC_2.4
                0x0000b2a8                isalnum@@GLIBC_2.4
                0x0000b2b4                fwrite@@GLIBC_2.4
                0x0000b2c0                memrchr@@GLIBC_2.4
                0x0000b2cc                gmtime@@GLIBC_2.4
                0x0000b2d8                __errno_location@@GLIBC_2.4
                0x0000b2e4                execve@@GLIBC_2.4
                0x0000b2f0                getpwnam@@GLIBC_2.4
                0x0000b2fc                endmntent@@GLIBC_2.4
                0x0000b308                getmntent@@GLIBC_2.4
                0x0000b314                __sprintf_chk@@GLIBC_2.4
                0x0000b320                setrlimit@@GLIBC_2.4
                0x0000b32c                strncpy@@GLIBC_2.4
                0x0000b338                qsort@@GLIBC_2.4
                0x0000b344                __vsprintf_chk@@GLIBC_2.4
                0x0000b350                ftell@@GLIBC_2.4
                0x0000b35c                strtol@@GLIBC_2.4
                0x0000b368                tcgetpgrp@@GLIBC_2.4
                0x0000b374                cfsetospeed@@GLIBC_2.4
                0x0000b380                strcpy@@GLIBC_2.4
                0x0000b38c                mkfifo@@GLIBC_2.4
                0x0000b398                getgrnam@@GLIBC_2.4
                0x0000b3a4                getcwd@@GLIBC_2.4
                0x0000b3b0                atoi@@GLIBC_2.4
                0x0000b3bc                mkstemp@@GLIBC_2.4
                0x0000b3c8                __xmknod@@GLIBC_2.4
                0x0000b3d4                realpath@@GLIBC_2.4
                0x0000b3e0                memchr@@GLIBC_2.4
                0x0000b3ec                bsearch@@GLIBC_2.4
                0x0000b3f8                _IO_putc@@GLIBC_2.4
                0x0000b404                log@@GLIBC_2.4
                0x0000b410                strncasecmp@@GLIBC_2.4
                0x0000b41c                regexec@@GLIBC_2.4
                0x0000b428                getenv@@GLIBC_2.4
                0x0000b434                __snprintf_chk@@GLIBC_2.4
                0x0000b440                strsignal@@GLIBC_2.4
                0x0000b44c                isblank@@GLIBC_2.4
                0x0000b458                open@@GLIBC_2.4
                0x0000b464                strftime@@GLIBC_2.4
                0x0000b470                umask@@GLIBC_2.4
                0x0000b47c                chmod@@GLIBC_2.4
                0x0000b488                tcgetattr@@GLIBC_2.4
                0x0000b494                tolower@@GLIBC_2.4
                0x0000b4a0                sscanf@@GLIBC_2.4
                0x0000b4ac                __memset_chk@@GLIBC_2.4
                0x0000b4b8                readlink@@GLIBC_2.4
                0x0000b4c4                isspace@@GLIBC_2.4
                0x0000b4d0                getpriority@@GLIBC_2.4
                0x0000b4dc                tzset@@GLIBC_2.4
                0x0000b4e8                sleep@@GLIBC_2.4
                0x0000b4f4                realloc@@GLIBC_2.4
                0x0000b500                mkdir@@GLIBC_2.4
                0x0000b50c                setpriority@@GLIBC_2.4
                0x0000b518                __vfprintf_chk@@GLIBC_2.4
                0x0000b524                fgetc@@GLIBC_2.4
                0x0000b530                cfgetispeed@@GLIBC_2.4
                0x0000b53c                getmntent_r@@GLIBC_2.4
                0x0000b548                freopen@@GLIBC_2.4
                0x0000b554                access@@GLIBC_2.4
                0x0000b560                localtime@@GLIBC_2.4
                0x0000b56c                sigprocmask@@GLIBC_2.4
                0x0000b578                killpg@@GLIBC_2.4
                0x0000b584                __strncat_chk@@GLIBC_2.4
                0x0000b590                getpwuid@@GLIBC_2.4
                0x0000b59c                ferror@@GLIBC_2.4
                0x0000b5a8                memmove@@GLIBC_2.4
                0x0000b5b4                exit@@GLIBC_2.4
                0x0000b5c0                ispunct@@GLIBC_2.4
                0x0000b5cc                link@@GLIBC_2.4
                0x0000b5d8                free@@GLIBC_2.4
                0x0000b5e4                fdopen@@GLIBC_2.4
                0x0000b5f0                strerror@@GLIBC_2.4
                0x0000b5fc                select@@GLIBC_2.4
                0x0000b608                clearerr@@GLIBC_2.4
                0x0000b614                getchar@@GLIBC_2.4
                0x0000b620                read@@GLIBC_2.4
                0x0000b62c                strtok@@GLIBC_2.4
                0x0000b638                time@@GLIBC_2.4
                0x0000b644                fork@@GLIBC_2.4
                0x0000b650                setgrent@@GLIBC_2.4
                0x0000b65c                close@@GLIBC_2.4
                0x0000b668                memcmp@@GLIBC_2.4
                0x0000b674                _setjmp@@GLIBC_2.4
                0x0000b680                vfork@@GLIBC_2.4
                0x0000b68c                wait3@@GLIBC_2.4
                0x0000b698                putenv@@GLIBC_2.4
                0x0000b6a4                getpgrp@@GLIBC_2.4
                0x0000b6b0                swapon@@GLIBC_2.4
                0x0000b6bc                rename@@GLIBC_2.4
                0x0000b6c8                __fxstat@@GLIBC_2.4
                0x0000b6d4                setenv@@GLIBC_2.4
                0x0000b6e0                chdir@@GLIBC_2.4
                0x0000b6ec                __vsnprintf_chk@@GLIBC_2.4
                0x0000b6f8                getppid@@GLIBC_2.4
                0x0000b704                fclose@@GLIBC_2.4
                0x0000b710                fopen@@GLIBC_2.4
                0x0000b71c                pow@@GLIBC_2.4
                0x0000b728                strsep@@GLIBC_2.4
                0x0000b734                geteuid@@GLIBC_2.4
                0x0000b740                strtod@@GLIBC_2.4
                0x0000b74c                atan2@@GLIBC_2.4
                0x0000b758                fread@@GLIBC_2.4
                0x0000b764                strcspn@@GLIBC_2.4
                0x0000b770                getegid@@GLIBC_2.4
                0x0000b77c                sysconf@@GLIBC_2.4
                0x0000b788                sched_yield@@GLIBC_2.4
                0x0000b794                __lxstat@@GLIBC_2.4
                0x0000b7a0                settimeofday@@GLIBC_2.4
                0x0000b7ac                usleep@@GLIBC_2.4
                0x0000b7b8                sin@@GLIBC_2.4
                0x0000b7c4                fputc@@GLIBC_2.4
                0x0000b7d0                pipe@@GLIBC_2.4
                0x0000b7dc                system@@GLIBC_2.4
                0x0000b7e8                cos@@GLIBC_2.4
                0x0000b7f4                strtoull@@GLIBC_2.4
                0x0000b800                isxdigit@@GLIBC_2.4
                0x0000b80c                alarm@@GLIBC_2.4
                0x0000b818                getgrgid@@GLIBC_2.4
                0x0000b824                __vprintf_chk@@GLIBC_2.4
                0x0000b830                wait@@GLIBC_2.4
                0x0000b83c                waitpid@@GLIBC_2.4
                0x0000b854                opendir@@GLIBC_2.4
                0x0000b860                dup@@GLIBC_2.4

.text           0x0000b86c    0x395d4
 *(SORT(.text) .stub .text.* .gnu.linkonce.t.*)
 .text          0x0000b86c       0x38 /opt/codesourcery/arm-none-linux-gnueabi/libc/usr/lib/crt1.o
                0x0000b86c                _start
 .text          0x0000b8a4       0x34 /opt/codesourcery/arm-none-linux-gnueabi/libc/usr/lib/crti.o
 .text          0x0000b8d8       0x54 /opt/codesourcery/lib/gcc/arm-none-linux-gnueabi/4.1.1/crtbegin.o
 .text.applet_name_compare
                0x0000b92c       0x24 libbb/lib.a(appletlib.o)
 .text.lbb_prepare
                0x0000b950       0x28 libbb/lib.a(appletlib.o)
                0x0000b950                lbb_prepare
 .text.find_applet_by_name
                0x0000b978       0x44 libbb/lib.a(appletlib.o)
                0x0000b978                find_applet_by_name
 .text.bb_show_usage
                0x0000b9bc       0x9c libbb/lib.a(appletlib.o)
                0x0000b9bc                bb_show_usage
 .text.run_applet_no_and_exit
                0x0000ba58       0xa4 libbb/lib.a(appletlib.o)
                0x0000ba58                run_applet_no_and_exit
 .text.run_applet_and_exit
                0x0000bafc      0x184 libbb/lib.a(appletlib.o)
                0x0000bafc                run_applet_and_exit
 .text.main     0x0000bc80       0x58 libbb/lib.a(appletlib.o)
                0x0000bc80                main
 .text.bb_basename
                0x0000bcd8       0x20 libbb/lib.a(bb_basename.o)
                0x0000bcd8                bb_basename
 .text.xfunc_die
                0x0000bcf8       0x28 libbb/lib.a(error_msg_and_die.o)
                0x0000bcf8                xfunc_die
 .text.bb_error_msg_and_die
                0x0000bd20       0x24 libbb/lib.a(error_msg_and_die.o)
                0x0000bd20                bb_error_msg_and_die
 .text.bb_get_last_path_component_nostrip
                0x0000bd44       0x3c libbb/lib.a(get_last_path_component.o)
                0x0000bd44                bb_get_last_path_component_nostrip
 .text.bb_get_last_path_component_strip
                0x0000bd80       0x54 libbb/lib.a(get_last_path_component.o)
                0x0000bd80                bb_get_last_path_component_strip
 .text.last_char_is
                0x0000bdd4       0x44 libbb/lib.a(last_char_is.o)
                0x0000bdd4                last_char_is
 .text.bb_verror_msg
                0x0000be18      0x1a4 libbb/lib.a(verror_msg.o)
                0x0000be18                bb_verror_msg
 .text.utoa_to_buf
                0x0000bfbc       0x98 libbb/lib.a(xfuncs.o)
                0x0000bfbc                utoa_to_buf
 .text.itoa_to_buf
                0x0000c054       0x28 libbb/lib.a(xfuncs.o)
                0x0000c054                itoa_to_buf
 .text.itoa     0x0000c07c       0x28 libbb/lib.a(xfuncs.o)
                0x0000c07c                itoa
 .text.bb_xioctl
                0x0000c0a4       0x24 libbb/lib.a(xfuncs.o)
                0x0000c0a4                bb_xioctl
 .text.get_terminal_width_height
                0x0000c0c8       0xe8 libbb/lib.a(xfuncs.o)
                0x0000c0c8                get_terminal_width_height
 .text.xstat    0x0000c1b0       0x30 libbb/lib.a(xfuncs.o)
                0x0000c1b0                xstat
 .text.xopendir
                0x0000c1e0       0x24 libbb/lib.a(xfuncs.o)
                0x0000c1e0                xopendir
 .text.warn_opendir
                0x0000c204       0x34 libbb/lib.a(xfuncs.o)
                0x0000c204                warn_opendir
 .text.xchdir   0x0000c238       0x24 libbb/lib.a(xfuncs.o)
                0x0000c238                xchdir
 .text.xprint_and_close_file
                0x0000c25c       0x40 libbb/lib.a(xfuncs.o)
                0x0000c25c                xprint_and_close_file
 .text.xasprintf
                0x0000c29c       0x4c libbb/lib.a(xfuncs.o)
                0x0000c29c                xasprintf
 .text.bb_putchar
                0x0000c2e8       0x10 libbb/lib.a(xfuncs.o)
                0x0000c2e8                bb_putchar
 .text.xlseek   0x0000c2f8       0x48 libbb/lib.a(xfuncs.o)
                0x0000c2f8                xlseek
 .text.die_if_ferror
                0x0000c340       0x24 libbb/lib.a(xfuncs.o)
                0x0000c340                die_if_ferror
 .text.die_if_ferror_stdout
                0x0000c364       0x18 libbb/lib.a(xfuncs.o)
                0x0000c364                die_if_ferror_stdout
 .text.xwrite   0x0000c37c       0x24 libbb/lib.a(xfuncs.o)
                0x0000c37c                xwrite
 .text.xdup2    0x0000c3a0       0x20 libbb/lib.a(xfuncs.o)
                0x0000c3a0                xdup2
 .text.xmove_fd
                0x0000c3c0       0x20 libbb/lib.a(xfuncs.o)
                0x0000c3c0                xmove_fd
 .text.ndelay_off
                0x0000c3e0       0x24 libbb/lib.a(xfuncs.o)
                0x0000c3e0                ndelay_off
 .text.close_on_exec_on
                0x0000c404        0xc libbb/lib.a(xfuncs.o)
                0x0000c404                close_on_exec_on
 .text.ndelay_on
                0x0000c410       0x24 libbb/lib.a(xfuncs.o)
                0x0000c410                ndelay_on
 .text.xunlink  0x0000c434       0x24 libbb/lib.a(xfuncs.o)
                0x0000c434                xunlink
 .text.xpipe    0x0000c458       0x28 libbb/lib.a(xfuncs.o)
                0x0000c458                xpipe
 .text.open3_or_warn
                0x0000c480       0x34 libbb/lib.a(xfuncs.o)
                0x0000c480                open3_or_warn
 .text.open_or_warn
                0x0000c4b4        0xc libbb/lib.a(xfuncs.o)
                0x0000c4b4                open_or_warn
 .text.xopen3   0x0000c4c0       0x24 libbb/lib.a(xfuncs.o)
                0x0000c4c0                xopen3
 .text.xopen    0x0000c4e4        0xc libbb/lib.a(xfuncs.o)
                0x0000c4e4                xopen
 .text.xfopen   0x0000c4f0       0x24 libbb/lib.a(xfuncs.o)
                0x0000c4f0                xfopen
 .text.xstrdup  0x0000c514       0x34 libbb/lib.a(xfuncs.o)
                0x0000c514                xstrdup
 .text.xrealloc
                0x0000c548       0x30 libbb/lib.a(xfuncs.o)
                0x0000c548                xrealloc
 .text.xmalloc  0x0000c578       0x30 libbb/lib.a(xfuncs.o)
                0x0000c578                xmalloc
 .text.xstrndup
                0x0000c5a8       0x5c libbb/lib.a(xfuncs.o)
                0x0000c5a8                xstrndup
 .text.xzalloc  0x0000c604       0x2c libbb/lib.a(xfuncs.o)
                0x0000c604                xzalloc
 .text.bb_full_fd_action
                0x0000c630       0xcc libbb/lib.a(copyfd.o)
 .text.bb_copyfd_eof
                0x0000c6fc        0x8 libbb/lib.a(copyfd.o)
                0x0000c6fc                bb_copyfd_eof
 .text.bb_copyfd_size
                0x0000c704       0x14 libbb/lib.a(copyfd.o)
                0x0000c704                bb_copyfd_size
 .text.bb_copyfd_exact_size
                0x0000c718       0x2c libbb/lib.a(copyfd.o)
                0x0000c718                bb_copyfd_exact_size
 .text.bb_error_msg
                0x0000c744       0x34 libbb/lib.a(error_msg.o)
                0x0000c744                bb_error_msg
 .text.full_write
                0x0000c778       0x54 libbb/lib.a(full_write.o)
                0x0000c778                full_write
 .text.bb_perror_msg
                0x0000c7cc       0x54 libbb/lib.a(perror_msg.o)
                0x0000c7cc                bb_perror_msg
 .text.bb_simple_perror_msg
                0x0000c820       0x10 libbb/lib.a(perror_msg.o)
                0x0000c820                bb_simple_perror_msg
 .text.bb_perror_msg_and_die
                0x0000c830       0x40 libbb/lib.a(perror_msg_and_die.o)
                0x0000c830                bb_perror_msg_and_die
 .text.bb_simple_perror_msg_and_die
                0x0000c870       0x10 libbb/lib.a(perror_msg_and_die.o)
                0x0000c870                bb_simple_perror_msg_and_die
 .text.safe_read
                0x0000c880       0x4c libbb/lib.a(read.o)
                0x0000c880                safe_read
 .text.full_read
                0x0000c8cc       0x58 libbb/lib.a(read.o)
                0x0000c8cc                full_read
 .text.read_close
                0x0000c924       0x28 libbb/lib.a(read.o)
                0x0000c924                read_close
 .text.xmalloc_open_read_close
                0x0000c94c       0xa4 libbb/lib.a(read.o)
                0x0000c94c                xmalloc_open_read_close
 .text.open_read_close
                0x0000c9f0       0x3c libbb/lib.a(read.o)
                0x0000c9f0                open_read_close
 .text.reads    0x0000ca2c       0x7c libbb/lib.a(read.o)
                0x0000ca2c                reads
 .text.xread    0x0000caa8       0x24 libbb/lib.a(read.o)
                0x0000caa8                xread
 .text.xread_char
                0x0000cacc       0x20 libbb/lib.a(read.o)
                0x0000cacc                xread_char
 .text.safe_write
                0x0000caec       0x4c libbb/lib.a(safe_write.o)
                0x0000caec                safe_write
 .text.cap_cur_fline
                0x0000cb38       0x74 miscutils/lib.a(less.o)
 .text.opp_bracket
                0x0000cbac       0x60 miscutils/lib.a(less.o)
 .text.print_hilite
                0x0000cc0c       0x14 miscutils/lib.a(less.o)
 .text.clear_line
                0x0000cc20       0x24 miscutils/lib.a(less.o)
 .text.m_status_print
                0x0000cc44      0x11c miscutils/lib.a(less.o)
 .text.print_statusline
                0x0000cd60       0x38 miscutils/lib.a(less.o)
 .text.fill_match_lines
                0x0000cd98       0xb4 miscutils/lib.a(less.o)
 .text.read_lines
                0x0000ce4c      0x350 miscutils/lib.a(less.o)
 .text.print_found
                0x0000d19c      0x198 miscutils/lib.a(less.o)
 .text.print_ascii
                0x0000d334      0x114 miscutils/lib.a(less.o)
 .text.buffer_print
                0x0000d448      0x108 miscutils/lib.a(less.o)
 .text.buffer_fill_and_print
                0x0000d550       0x84 miscutils/lib.a(less.o)
 .text.reinitialize
                0x0000d5d4       0xd0 miscutils/lib.a(less.o)
 .text.change_file
                0x0000d6a4       0x80 miscutils/lib.a(less.o)
 .text.buffer_line
                0x0000d724       0x5c miscutils/lib.a(less.o)
 .text.goto_match
                0x0000d780       0xa8 miscutils/lib.a(less.o)
 .text.buffer_up
                0x0000d828       0x3c miscutils/lib.a(less.o)
 .text.buffer_down
                0x0000d864       0x34 miscutils/lib.a(less.o)
 .text.set_tty_cooked
                0x0000d898       0x3c miscutils/lib.a(less.o)
 .text.less_gets
                0x0000d8d4      0x104 miscutils/lib.a(less.o)
 .text.examine_file
                0x0000d9d8       0x4c miscutils/lib.a(less.o)
 .text.less_getch
                0x0000da24      0x1d0 miscutils/lib.a(less.o)
 .text.less_exit
                0x0000dbf4       0x18 miscutils/lib.a(less.o)
 .text.regex_process
                0x0000dc0c      0x120 miscutils/lib.a(less.o)
 .text.less_main
                0x0000dd2c      0x9a8 miscutils/lib.a(less.o)
                0x0000dd2c                less_main
 .text.sig_catcher
                0x0000e6d4       0x14 miscutils/lib.a(less.o)
 .text.run_command
                0x0000e6e8      0x124 miscutils/lib.a(time.o)
 .text.ptok     0x0000e80c       0x54 miscutils/lib.a(time.o)
 .text.time_main
                0x0000e860      0x6c8 miscutils/lib.a(time.o)
                0x0000e860                time_main
 .text.insmod_main
                0x0000ef28      0x144 modutils/lib.a(insmod.o)
                0x0000ef28                insmod_main
 .text.lsmod_main
                0x0000f06c      0x16c modutils/lib.a(lsmod.o)
                0x0000f06c                lsmod_main
 .text.append_option
                0x0000f1d8       0x64 modutils/lib.a(modprobe.o)
 .text.already_loaded
                0x0000f23c       0xd4 modutils/lib.a(modprobe.o)
 .text.parse_tag_value
                0x0000f310       0x70 modutils/lib.a(modprobe.o)
 .text.include_conf
                0x0000f380      0x42c modutils/lib.a(modprobe.o)
 .text.check_pattern
                0x0000f7ac       0x78 modutils/lib.a(modprobe.o)
 .text.check_dep
                0x0000f824      0x1b0 modutils/lib.a(modprobe.o)
 .text.mod_process
                0x0000f9d4      0x19c modutils/lib.a(modprobe.o)
 .text.modprobe_main
                0x0000fb70      0x690 modutils/lib.a(modprobe.o)
                0x0000fb70                modprobe_main
 .text.rmmod_main
                0x00010200      0x12c modutils/lib.a(rmmod.o)
                0x00010200                rmmod_main
 .text.free_main
                0x0001032c      0x20c procps/lib.a(free.o)
                0x0001032c                free_main
 .text.kill_main
                0x00010538      0x2d8 procps/lib.a(kill.o)
                0x00010538                kill_main
 .text.ps_main  0x00010810      0x140 procps/lib.a(ps.o)
                0x00010810                ps_main
 .text.renice_main
                0x00010950      0x1a0 procps/lib.a(renice.o)
                0x00010950                renice_main
 .text.sysctl_write_setting
                0x00010af0      0x1b4 procps/lib.a(sysctl.o)
 .text.sysctl_read_setting
                0x00010ca4      0x1a8 procps/lib.a(sysctl.o)
 .text.sysctl_display_all
                0x00010e4c       0xb0 procps/lib.a(sysctl.o)
 .text.sysctl_main
                0x00010efc      0x1d4 procps/lib.a(sysctl.o)
                0x00010efc                sysctl_main
 .text.pid_sort
                0x000110d0       0x10 procps/lib.a(top.o)
 .text.mem_sort
                0x000110e0       0x20 procps/lib.a(top.o)
 .text.pcpu_sort
                0x00011100       0x10 procps/lib.a(top.o)
 .text.time_sort
                0x00011110       0x20 procps/lib.a(top.o)
 .text.mult_lvl_cmp
                0x00011130       0x44 procps/lib.a(top.o)
 .text.reset_term
                0x00011174       0x14 procps/lib.a(top.o)
 .text.do_stats
                0x00011188      0x238 procps/lib.a(top.o)
 .text.display_process_list
                0x000113c0      0x5ec procps/lib.a(top.o)
 .text.clearmems
                0x000119ac       0x28 procps/lib.a(top.o)
 .text.sig_catcher
                0x000119d4       0x14 procps/lib.a(top.o)
 .text.top_main
                0x000119e8      0x380 procps/lib.a(top.o)
                0x000119e8                top_main
 .text.uptime_main
                0x00011d68      0x164 procps/lib.a(uptime.o)
                0x00011d68                uptime_main
 .text.stunalloc
                0x00011ecc       0x28 shell/lib.a(ash.o)
 .text.setstackmark
                0x00011ef4       0x2c shell/lib.a(ash.o)
 .text.prefix   0x00011f20       0x30 shell/lib.a(ash.o)
 .text.is_number
                0x00011f50       0x34 shell/lib.a(ash.o)
 .text.varcmp   0x00011f84       0x48 shell/lib.a(ash.o)
 .text.varequal
                0x00011fcc       0x1c shell/lib.a(ash.o)
 .text.hashvar  0x00011fe8       0x58 shell/lib.a(ash.o)
 .text.vpcmp    0x00012040        0xc shell/lib.a(ash.o)
 .text.findvar  0x0001204c       0x44 shell/lib.a(ash.o)
 .text.set_curjob
                0x00012090       0x68 shell/lib.a(ash.o)
 .text.jobno    0x000120f8       0x28 shell/lib.a(ash.o)
 .text.getstatus
                0x00012120       0x5c shell/lib.a(ash.o)
 .text.esclen   0x0001217c       0x30 shell/lib.a(ash.o)
 .text.falsecmd
                0x000121ac        0x8 shell/lib.a(ash.o)
 .text.truecmd  0x000121b4        0x8 shell/lib.a(ash.o)
 .text.bltincmd
                0x000121bc       0x10 shell/lib.a(ash.o)
 .text.pungetc  0x000121cc       0x2c shell/lib.a(ash.o)
 .text.lookupvar
                0x000121f8       0x60 shell/lib.a(ash.o)
 .text.bltinlookup
                0x00012258       0x64 shell/lib.a(ash.o)
 .text.calcsize
                0x000122bc      0x138 shell/lib.a(ash.o)
 .text.sizenodelist
                0x000123f4       0x38 shell/lib.a(ash.o)
 .text.tokname  0x0001242c       0x6c shell/lib.a(ash.o)
 .text.endofname
                0x00012498       0x44 shell/lib.a(ash.o)
 .text.goodname
                0x000124dc       0x20 shell/lib.a(ash.o)
 .text.isassignment
                0x000124fc       0x30 shell/lib.a(ash.o)
 .text.pstrcmp  0x0001252c        0xc shell/lib.a(ash.o)
 .text.msort    0x00012538       0xbc shell/lib.a(ash.o)
 .text.__lookupalias
                0x000125f4       0x70 shell/lib.a(ash.o)
 .text.lookupalias
                0x00012664       0x2c shell/lib.a(ash.o)
 .text.raise_exception
                0x00012690       0x28 shell/lib.a(ash.o)
 .text.freealias
                0x000126b8       0x4c shell/lib.a(ash.o)
 .text.freeparam
                0x00012704       0x4c shell/lib.a(ash.o)
 .text.freefunc
                0x00012750       0x20 shell/lib.a(ash.o)
 .text.ignoresig
                0x00012770       0x3c shell/lib.a(ash.o)
 .text.raise_interrupt
                0x000127ac       0x8c shell/lib.a(ash.o)
 .text.onsig    0x00012838       0x64 shell/lib.a(ash.o)
 .text.force_int_on
                0x0001289c       0x34 shell/lib.a(ash.o)
 .text.int_on   0x000128d0       0x44 shell/lib.a(ash.o)
 .text.delete_cmd_entry
                0x00012914       0x58 shell/lib.a(ash.o)
 .text.clearcmdentry
                0x0001296c       0xa0 shell/lib.a(ash.o)
 .text.changepath
                0x00012a0c      0x114 shell/lib.a(ash.o)
 .text.removerecordregions
                0x00012b20      0x118 shell/lib.a(ash.o)
 .text.freejob  0x00012c38       0x90 shell/lib.a(ash.o)
 .text.unalias  0x00012cc8       0x4c shell/lib.a(ash.o)
 .text.popstring
                0x00012d14       0xe0 shell/lib.a(ash.o)
 .text.popstackmark
                0x00012df4       0x98 shell/lib.a(ash.o)
 .text.flush_stderr
                0x00012e8c       0x3c shell/lib.a(ash.o)
 .text.flush_stdout_stderr
                0x00012ec8       0x4c shell/lib.a(ash.o)
 .text.popfile  0x00012f14       0xbc shell/lib.a(ash.o)
 .text.popallfiles
                0x00012fd0       0x34 shell/lib.a(ash.o)
 .text.outcslow
                0x00013004       0x34 shell/lib.a(ash.o)
 .text.showpipe
                0x00013038       0x58 shell/lib.a(ash.o)
 .text.ash_vmsg
                0x00013090       0xec shell/lib.a(ash.o)
 .text.ash_vmsg_and_raise
                0x0001317c       0x1c shell/lib.a(ash.o)
 .text.ash_msg_and_raise
                0x00013198       0x1c shell/lib.a(ash.o)
 .text.ash_msg_and_raise_error
                0x000131b4       0x20 shell/lib.a(ash.o)
 .text.raise_error_syntax
                0x000131d4       0x10 shell/lib.a(ash.o)
 .text.raise_error_unexpected_syntax
                0x000131e4       0x70 shell/lib.a(ash.o)
 .text.varunset
                0x00013254       0x6c shell/lib.a(ash.o)
 .text.copyfd   0x000132c0       0x4c shell/lib.a(ash.o)
 .text.popredir
                0x0001330c       0xd8 shell/lib.a(ash.o)
 .text.clearredir
                0x000133e4       0x40 shell/lib.a(ash.o)
 .text.nextopt  0x00013424      0x114 shell/lib.a(ash.o)
 .text.unaliascmd
                0x00013538      0x104 shell/lib.a(ash.o)
 .text.cdopt    0x0001363c       0x40 shell/lib.a(ash.o)
 .text.ckstrdup
                0x0001367c       0x28 shell/lib.a(ash.o)
 .text.ckrealloc
                0x000136a4       0x28 shell/lib.a(ash.o)
 .text.ckmalloc
                0x000136cc        0xc shell/lib.a(ash.o)
 .text.setparam
                0x000136d8       0x84 shell/lib.a(ash.o)
 .text.pushfile
                0x0001375c       0x7c shell/lib.a(ash.o)
 .text.setinputstring
                0x000137d8       0x70 shell/lib.a(ash.o)
 .text.pushstring
                0x00013848       0xb4 shell/lib.a(ash.o)
 .text.recordregion
                0x000138fc       0x7c shell/lib.a(ash.o)
 .text.setvareq
                0x00013978      0x11c shell/lib.a(ash.o)
 .text.listsetvar
                0x00013a94       0x5c shell/lib.a(ash.o)
 .text.setvar   0x00013af0       0xf0 shell/lib.a(ash.o)
 .text.change_random
                0x00013be0       0xa4 shell/lib.a(ash.o)
 .text.unsetvar
                0x00013c84       0xb8 shell/lib.a(ash.o)
 .text.stalloc  0x00013d3c       0xa8 shell/lib.a(ash.o)
 .text.makename
                0x00013de4       0x48 shell/lib.a(ash.o)
 .text.fixredir
                0x00013e2c       0x6c shell/lib.a(ash.o)
 .text.growstackblock
                0x00013e98      0x110 shell/lib.a(ash.o)
 .text.makestrspace
                0x00013fa8       0x40 shell/lib.a(ash.o)
 .text.cmdputs  0x00013fe8      0x204 shell/lib.a(ash.o)
 .text.cmdlist  0x000141ec       0x64 shell/lib.a(ash.o)
 .text.cmdtxt   0x00014250      0x340 shell/lib.a(ash.o)
 .text.stack_nputstr
                0x00014590       0x34 shell/lib.a(ash.o)
 .text.stack_putstr
                0x000145c4       0x2c shell/lib.a(ash.o)
 .text.ststrdup
                0x000145f0       0x30 shell/lib.a(ash.o)
 .text.addfname
                0x00014620       0x40 shell/lib.a(ash.o)
 .text.localcmd
                0x00014660      0x13c shell/lib.a(ash.o)
 .text.SIT      0x0001479c       0x90 shell/lib.a(ash.o)
 .text.memtodest
                0x0001482c       0x94 shell/lib.a(ash.o)
 .text.setpwd   0x000148c0       0xe0 shell/lib.a(ash.o)
 .text.outstr   0x000149a0       0x30 shell/lib.a(ash.o)
 .text.out2str  0x000149d0       0x24 shell/lib.a(ash.o)
 .text.stoppedjobs
                0x000149f4       0x64 shell/lib.a(ash.o)
 .text.out1str  0x00014a58       0x10 shell/lib.a(ash.o)
 .text.ash_msg  0x00014a68       0x30 shell/lib.a(ash.o)
 .text.out1fmt  0x00014a98       0x58 shell/lib.a(ash.o)
 .text.printlim
                0x00014af0       0x38 shell/lib.a(ash.o)
 .text.options  0x00014b28      0x274 shell/lib.a(ash.o)
 .text.pwdcmd   0x00014d9c       0x60 shell/lib.a(ash.o)
 .text.setinputfile
                0x00014dfc      0x108 shell/lib.a(ash.o)
 .text.setsignal
                0x00014f04      0x1a4 shell/lib.a(ash.o)
 .text.xtcsetpgrp
                0x000150a8       0x28 shell/lib.a(ash.o)
 .text.setjobctl
                0x000150d0      0x1c4 shell/lib.a(ash.o)
 .text.optschanged
                0x00015294       0x58 shell/lib.a(ash.o)
 .text.pgetc    0x000152ec      0x308 shell/lib.a(ash.o)
 .text.pgetc2   0x000155f4       0x1c shell/lib.a(ash.o)
 .text.growstackstr
                0x00015610       0x60 shell/lib.a(ash.o)
 .text.listvars
                0x00015670       0xb0 shell/lib.a(ash.o)
 .text._STPUTC  0x00015720       0x34 shell/lib.a(ash.o)
 .text.getjob   0x00015754      0x184 shell/lib.a(ash.o)
 .text.number   0x000158d8       0x30 shell/lib.a(ash.o)
 .text.exitcmd  0x00015908       0x4c shell/lib.a(ash.o)
 .text.shiftcmd
                0x00015954       0xac shell/lib.a(ash.o)
 .text.breakcmd
                0x00015a00       0x88 shell/lib.a(ash.o)
 .text.returncmd
                0x00015a88       0x48 shell/lib.a(ash.o)
 .text.fmtstr   0x00015ad0       0x64 shell/lib.a(ash.o)
 .text.cvtnum   0x00015b34       0x4c shell/lib.a(ash.o)
 .text.scanright
                0x00015b80       0xa8 shell/lib.a(ash.o)
 .text.scanleft
                0x00015c28       0x7c shell/lib.a(ash.o)
 .text.makejob  0x00015ca4      0x19c shell/lib.a(ash.o)
 .text.sprint_status
                0x00015e40       0xd4 shell/lib.a(ash.o)
 .text.dowait   0x00015f14      0x1a4 shell/lib.a(ash.o)
 .text.waitforjob
                0x000160b8       0x94 shell/lib.a(ash.o)
 .text.fg_bgcmd
                0x0001614c      0x154 shell/lib.a(ash.o)
 .text.forkshell
                0x000162a0      0x338 shell/lib.a(ash.o)
 .text.waitcmd  0x000165d8      0x14c shell/lib.a(ash.o)
 .text.arith    0x00016724      0x724 shell/lib.a(ash.o)
 .text.arith_lookup_val
                0x00016e48       0xa8 shell/lib.a(ash.o)
 .text.dash_arith
                0x00016ef0       0x90 shell/lib.a(ash.o)
 .text.letcmd   0x00016f80       0x44 shell/lib.a(ash.o)
 .text._rmescapes
                0x00016fc4      0x128 shell/lib.a(ash.o)
 .text.preglob  0x000170ec       0x10 shell/lib.a(ash.o)
 .text.nodeckstrdup
                0x000170fc       0x40 shell/lib.a(ash.o)
 .text.copynode
                0x0001713c      0x15c shell/lib.a(ash.o)
 .text.copynodelist
                0x00017298       0x58 shell/lib.a(ash.o)
 .text.cmdlookup
                0x000172f0       0xd8 shell/lib.a(ash.o)
 .text.unsetcmd
                0x000173c8       0x90 shell/lib.a(ash.o)
 .text.showjob  0x00017458      0x1dc shell/lib.a(ash.o)
 .text.showjobs
                0x00017634       0x64 shell/lib.a(ash.o)
 .text.jobscmd  0x00017698       0xa4 shell/lib.a(ash.o)
 .text.padvance
                0x0001773c      0x10c shell/lib.a(ash.o)
 .text.expmeta  0x00017848      0x2a8 shell/lib.a(ash.o)
 .text.find_builtin
                0x00017af0       0x30 shell/lib.a(ash.o)
 .text.findkwd  0x00017b20       0x30 shell/lib.a(ash.o)
 .text.umaskcmd
                0x00017b50      0x1dc shell/lib.a(ash.o)
 .text.ulimitcmd
                0x00017d2c      0x1ec shell/lib.a(ash.o)
 .text.single_quote
                0x00017f18       0xc4 shell/lib.a(ash.o)
 .text.printalias
                0x00017fdc       0x2c shell/lib.a(ash.o)
 .text.aliascmd
                0x00018008      0x170 shell/lib.a(ash.o)
 .text.errmsg   0x00018178       0x18 shell/lib.a(ash.o)
 .text.trapcmd  0x00018190      0x128 shell/lib.a(ash.o)
 .text.timescmd
                0x000182b8       0xac shell/lib.a(ash.o)
 .text.showvars
                0x00018364       0xd0 shell/lib.a(ash.o)
 .text.exportcmd
                0x00018434       0xcc shell/lib.a(ash.o)
 .text.setcmd   0x00018500       0x7c shell/lib.a(ash.o)
 .text.readcmd  0x0001857c      0x248 shell/lib.a(ash.o)
 .text.killcmd  0x000187c4       0xb0 shell/lib.a(ash.o)
 .text.tryexec  0x00018874       0x98 shell/lib.a(ash.o)
 .text.shellexec
                0x0001890c      0x114 shell/lib.a(ash.o)
 .text.execcmd  0x00018a20       0x58 shell/lib.a(ash.o)
 .text.echocmd  0x00018a78        0x4 shell/lib.a(ash.o)
 .text.cdcmd    0x00018a7c      0x3a4 shell/lib.a(ash.o)
 .text.testcmd  0x00018e20        0x4 shell/lib.a(ash.o)
 .text.evalbltin
                0x00018e24       0xf0 shell/lib.a(ash.o)
 .text.readtoken1
                0x00018f14      0xe6c shell/lib.a(ash.o)
 .text.xxreadtoken
                0x00019d80      0x1ac shell/lib.a(ash.o)
 .text.readtoken
                0x00019f2c       0xf0 shell/lib.a(ash.o)
 .text.peektoken
                0x0001a01c       0x34 shell/lib.a(ash.o)
 .text.parsefname
                0x0001a050      0x14c shell/lib.a(ash.o)
 .text.list     0x0001a19c      0x1bc shell/lib.a(ash.o)
 .text.parsecmd
                0x0001a358       0x7c shell/lib.a(ash.o)
 .text.evalstring
                0x0001a3d4       0x74 shell/lib.a(ash.o)
 .text.exitshell
                0x0001a448       0x80 shell/lib.a(ash.o)
 .text.evalcmd  0x0001a4c8       0x94 shell/lib.a(ash.o)
 .text.evaltree
                0x0001a55c      0x378 shell/lib.a(ash.o)
 .text.cmdloop  0x0001a8d4      0x11c shell/lib.a(ash.o)
 .text.read_profile
                0x0001a9f0       0x30 shell/lib.a(ash.o)
 .text.ash_main
                0x0001aa20      0x62c shell/lib.a(ash.o)
                0x0001aa20                ash_main
 .text.find_command
                0x0001b04c      0x400 shell/lib.a(ash.o)
 .text.evalpipe
                0x0001b44c      0x1b0 shell/lib.a(ash.o)
 .text.describe_command
                0x0001b5fc      0x1f8 shell/lib.a(ash.o)
 .text.commandcmd
                0x0001b7f4       0x58 shell/lib.a(ash.o)
 .text.typecmd  0x0001b84c       0x64 shell/lib.a(ash.o)
 .text.hashcmd  0x0001b8b0      0x18c shell/lib.a(ash.o)
 .text.dotcmd   0x0001ba3c      0x168 shell/lib.a(ash.o)
 .text.evalfun  0x0001bba4      0x210 shell/lib.a(ash.o)
 .text.evalloop
                0x0001bdb4      0x108 shell/lib.a(ash.o)
 .text.argstr   0x0001bebc      0x610 shell/lib.a(ash.o)
 .text.expandarg
                0x0001c4cc      0x468 shell/lib.a(ash.o)
 .text.expandstr
                0x0001c934       0x88 shell/lib.a(ash.o)
 .text.setprompt
                0x0001c9bc       0xbc shell/lib.a(ash.o)
 .text.parseheredoc
                0x0001ca78       0xac shell/lib.a(ash.o)
 .text.expredir
                0x0001cb24       0xbc shell/lib.a(ash.o)
 .text.evalcase
                0x0001cbe0      0x158 shell/lib.a(ash.o)
 .text.evalfor  0x0001cd38      0x13c shell/lib.a(ash.o)
 .text.redirect
                0x0001ce74      0x4c0 shell/lib.a(ash.o)
 .text.evalsubshell
                0x0001d334       0xdc shell/lib.a(ash.o)
 .text.redirectsafe
                0x0001d410       0xc0 shell/lib.a(ash.o)
 .text.evalcommand
                0x0001d4d0      0x5b8 shell/lib.a(ash.o)
 .text.subevalvar
                0x0001da88      0x1a4 shell/lib.a(ash.o)
 .text.evalvar  0x0001dc2c      0x5e8 shell/lib.a(ash.o)
 .text.parse_command
                0x0001e214      0x70c shell/lib.a(ash.o)
 .text.pipeline
                0x0001e920       0xf0 shell/lib.a(ash.o)
 .text.dmesg_main
                0x0001ea10      0x104 util-linux/lib.a(dmesg.o)
                0x0001ea10                dmesg_main
 .text.normalize
                0x0001eb14      0x144 util-linux/lib.a(getopt.o)
 .text.generate_output
                0x0001ec58      0x1f0 util-linux/lib.a(getopt.o)
 .text.getopt_main
                0x0001ee48      0x368 util-linux/lib.a(getopt.o)
                0x0001ee48                getopt_main
 .text.xopen_rtc
                0x0001f1b0       0x7c util-linux/lib.a(hwclock.o)
 .text.read_rtc
                0x0001f22c       0xc0 util-linux/lib.a(hwclock.o)
 .text.hwclock_main
                0x0001f2ec      0x264 util-linux/lib.a(hwclock.o)
                0x0001f2ec                hwclock_main
 .text.losetup_main
                0x0001f550      0x19c util-linux/lib.a(losetup.o)
                0x0001f550                losetup_main
 .text.more_main
                0x0001f6ec      0x368 util-linux/lib.a(more.o)
                0x0001f6ec                more_main
 .text.gotsig   0x0001fa54       0x30 util-linux/lib.a(more.o)
 .text.append_mount_options
                0x0001fa84       0xf4 util-linux/lib.a(mount.o)
 .text.parse_mount_options
                0x0001fb78      0x148 util-linux/lib.a(mount.o)
 .text.mount_it_now
                0x0001fcc0       0x90 util-linux/lib.a(mount.o)
 .text.singlemount
                0x0001fd50      0x2c0 util-linux/lib.a(mount.o)
 .text.mount_main
                0x00020010      0x3f4 util-linux/lib.a(mount.o)
                0x00020010                mount_main
 .text.swap_enable_disable
                0x00020404       0x68 util-linux/lib.a(swaponoff.o)
 .text.swap_on_off_main
                0x0002046c       0xb4 util-linux/lib.a(swaponoff.o)
                0x0002046c                swap_on_off_main
 .text.umount_main
                0x00020520      0x318 util-linux/lib.a(umount.o)
                0x00020520                umount_main
 .text.unpack_gunzip
                0x00020838       0x80 archival/lib.a(bbunzip.o)
 .text.make_new_name_gunzip
                0x000208b8       0xac archival/lib.a(bbunzip.o)
 .text.open_to_or_warn
                0x00020964       0x38 archival/lib.a(bbunzip.o)
 .text.bbunpack
                0x0002099c      0x1e4 archival/lib.a(bbunzip.o)
                0x0002099c                bbunpack
 .text.gunzip_main
                0x00020b80       0x68 archival/lib.a(bbunzip.o)
                0x00020b80                gunzip_main
 .text.bi_reverse
                0x00020be8       0x28 archival/lib.a(gzip.o)
 .text.init_block
                0x00020c10       0xe0 archival/lib.a(gzip.o)
 .text.pqdownheap
                0x00020cf0       0xfc archival/lib.a(gzip.o)
 .text.gen_codes
                0x00020dec       0xa0 archival/lib.a(gzip.o)
 .text.build_tree
                0x00020e8c      0x4b0 archival/lib.a(gzip.o)
 .text.scan_tree
                0x0002133c      0x138 archival/lib.a(gzip.o)
 .text.ct_tally
                0x00021474      0x1f0 archival/lib.a(gzip.o)
 .text.gzip_main
                0x00021664      0x1c0 archival/lib.a(gzip.o)
                0x00021664                gzip_main
 .text.file_read
                0x00021824       0x78 archival/lib.a(gzip.o)
 .text.fill_window
                0x0002189c      0x120 archival/lib.a(gzip.o)
 .text.flush_outbuf
                0x000219bc       0x34 archival/lib.a(gzip.o)
 .text.put_16bit
                0x000219f0       0x94 archival/lib.a(gzip.o)
 .text.bi_windup
                0x00021a84       0x68 archival/lib.a(gzip.o)
 .text.send_bits
                0x00021aec       0x7c archival/lib.a(gzip.o)
 .text.compress_block
                0x00021b68      0x178 archival/lib.a(gzip.o)
 .text.send_tree
                0x00021ce0      0x194 archival/lib.a(gzip.o)
 .text.flush_block
                0x00021e74      0x2fc archival/lib.a(gzip.o)
 .text.put_32bit
                0x00022170       0x20 archival/lib.a(gzip.o)
 .text.pack_gzip
                0x00022190      0x874 archival/lib.a(gzip.o)
 .text.make_new_name_gzip
                0x00022a04       0x10 archival/lib.a(gzip.o)
 .text.writeTarFile
                0x00022a14      0x244 archival/lib.a(tar.o)
 .text.tar_main
                0x00022c58      0x2e4 archival/lib.a(tar.o)
                0x00022c58                tar_main
 .text.putOctal
                0x00022f3c       0x60 archival/lib.a(tar.o)
 .text.chksum_and_xwrite
                0x00022f9c       0x78 archival/lib.a(tar.o)
 .text.writeLongname
                0x00023014       0xe8 archival/lib.a(tar.o)
 .text.writeFileToTarball
                0x000230fc      0x55c archival/lib.a(tar.o)
 .text.unzip_create_leading_dirs
                0x00023658       0x40 archival/lib.a(unzip.o)
 .text.unzip_skip
                0x00023698        0xc archival/lib.a(unzip.o)
 .text.unzip_main
                0x000236a4      0x7c4 archival/lib.a(unzip.o)
                0x000236a4                unzip_main
 .text.data_extract_all
                0x00023e68      0x32c archival/libunarchive/lib.a(data_extract_all.o)
                0x00023e68                data_extract_all
 .text.data_extract_to_stdout
                0x00024194       0x14 archival/libunarchive/lib.a(data_extract_to_stdout.o)
                0x00024194                data_extract_to_stdout
 .text.data_skip
                0x000241a8       0x20 archival/libunarchive/lib.a(data_skip.o)
                0x000241a8                data_skip
 .text.uncompress
                0x000241c8      0x498 archival/libunarchive/lib.a(decompress_uncompress.o)
                0x000241c8                uncompress
 .text.inflate_codes_setup
                0x00024660       0x48 archival/libunarchive/lib.a(decompress_unzip.o)
 .text.calculate_gunzip_crc
                0x000246a8       0x4c archival/libunarchive/lib.a(decompress_unzip.o)
 .text.huft_free
                0x000246f4       0x24 archival/libunarchive/lib.a(decompress_unzip.o)
 .text.huft_free_all
                0x00024718       0x28 archival/libunarchive/lib.a(decompress_unzip.o)
 .text.buffer_read_le_u32
                0x00024740       0x3c archival/libunarchive/lib.a(decompress_unzip.o)
 .text.huft_build
                0x0002477c      0x578 archival/libunarchive/lib.a(decompress_unzip.o)
 .text.abort_unzip
                0x00024cf4       0x14 archival/libunarchive/lib.a(decompress_unzip.o)
 .text.fill_bitbuffer
                0x00024d08       0xb4 archival/libunarchive/lib.a(decompress_unzip.o)
 .text.inflate_unzip_internal
                0x00024dbc      0xc88 archival/libunarchive/lib.a(decompress_unzip.o)
 .text.inflate_unzip
                0x00025a44       0x70 archival/libunarchive/lib.a(decompress_unzip.o)
                0x00025a44                inflate_unzip
 .text.top_up   0x00025ab4       0x98 archival/libunarchive/lib.a(decompress_unzip.o)
 .text.unpack_gz_stream
                0x00025b4c      0x274 archival/libunarchive/lib.a(decompress_unzip.o)
                0x00025b4c                unpack_gz_stream
 .text.filter_accept_reject_list
                0x00025dc0       0x58 archival/libunarchive/lib.a(filter_accept_reject_list.o)
                0x00025dc0                filter_accept_reject_list
 .text.find_list_entry2
                0x00025e18       0xb4 archival/libunarchive/lib.a(find_list_entry.o)
                0x00025e18                find_list_entry2
 .text.find_list_entry
                0x00025ecc       0x44 archival/libunarchive/lib.a(find_list_entry.o)
                0x00025ecc                find_list_entry
 .text.getOctal
                0x00025f10       0x4c archival/libunarchive/lib.a(get_header_tar.o)
 .text.get_header_tar
                0x00025f5c      0x4f4 archival/libunarchive/lib.a(get_header_tar.o)
                0x00025f5c                get_header_tar
 .text.get_header_tar_gz
                0x00026450       0x84 archival/libunarchive/lib.a(get_header_tar_gz.o)
                0x00026450                get_header_tar_gz
 .text.header_list
                0x000264d4        0x8 archival/libunarchive/lib.a(header_list.o)
                0x000264d4                header_list
 .text.header_verbose_list
                0x000264dc       0xb8 archival/libunarchive/lib.a(header_verbose_list.o)
                0x000264dc                header_verbose_list
 .text.init_handle
                0x00026594       0x54 archival/libunarchive/lib.a(init_handle.o)
                0x00026594                init_handle
 .text.open_transformer
                0x000265e8       0x6c archival/libunarchive/lib.a(open_transformer.o)
                0x000265e8                open_transformer
 .text.seek_by_jump
                0x00026654       0x30 archival/libunarchive/lib.a(seek_by_jump.o)
                0x00026654                seek_by_jump
 .text.seek_by_read
                0x00026684       0x14 archival/libunarchive/lib.a(seek_by_read.o)
                0x00026684                seek_by_read
 .text.data_align
                0x00026698       0x50 archival/libunarchive/lib.a(data_align.o)
                0x00026698                data_align
 .text.filter_accept_all
                0x000266e8       0x14 archival/libunarchive/lib.a(filter_accept_all.o)
                0x000266e8                filter_accept_all
 .text.header_skip
                0x000266fc        0x4 archival/libunarchive/lib.a(header_skip.o)
                0x000266fc                header_skip
 .text.clear_main
                0x00026700       0x28 console-tools/lib.a(clear.o)
                0x00026700                clear_main
 .text.reset_main
                0x00026728       0x34 console-tools/lib.a(reset.o)
                0x00026728                reset_main
 .text.bb_cat   0x0002675c       0xac coreutils/lib.a(cat.o)
                0x0002675c                bb_cat
 .text.cat_main
                0x00026808       0x30 coreutils/lib.a(cat.o)
                0x00026808                cat_main
 .text.chmod_main
                0x00026838      0x10c coreutils/lib.a(chmod.o)
                0x00026838                chmod_main
 .text.fileAction
                0x00026944       0xa4 coreutils/lib.a(chmod.o)
 .text.cp_main  0x000269e8      0x12c coreutils/lib.a(cp.o)
                0x000269e8                cp_main
 .text.cmpfunc  0x00026b14       0x10 coreutils/lib.a(cut.o)
 .text.cut_main
                0x00026b24      0x52c coreutils/lib.a(cut.o)
                0x00026b24                cut_main
 .text.maybe_set_utc
                0x00027050       0x14 coreutils/lib.a(date.o)
 .text.date_main
                0x00027064      0x4d4 coreutils/lib.a(date.o)
                0x00027064                date_main
 .text.full_write_or_warn
                0x00027538       0x44 coreutils/lib.a(dd.o)
 .text.write_and_stats
                0x0002757c       0x60 coreutils/lib.a(dd.o)
 .text.dd_output_status
                0x000275dc       0x4c coreutils/lib.a(dd.o)
 .text.dd_main  0x00027628      0x588 coreutils/lib.a(dd.o)
                0x00027628                dd_main
 .text.df_main  0x00027bb0      0x270 coreutils/lib.a(df.o)
                0x00027bb0                df_main
 .text.print    0x00027e20       0x3c coreutils/lib.a(du.o)
 .text.du       0x00027e5c      0x1fc coreutils/lib.a(du.o)
 .text.du_main  0x00028058      0x160 coreutils/lib.a(du.o)
                0x00028058                du_main
 .text.echo_main
                0x000281b8      0x178 coreutils/lib.a(echo.o)
                0x000281b8                echo_main
 .text.env_main
                0x00028330      0x160 coreutils/lib.a(env.o)
                0x00028330                env_main
 .text.null     0x00028490       0x4c coreutils/lib.a(expr.o)
 .text.int_value
                0x000284dc       0x1c coreutils/lib.a(expr.o)
 .text.tostring
                0x000284f8       0x34 coreutils/lib.a(expr.o)
 .text.str_value
                0x0002852c       0x38 coreutils/lib.a(expr.o)
 .text.docolon  0x00028564      0x104 coreutils/lib.a(expr.o)
 .text.toarith  0x00028668       0x68 coreutils/lib.a(expr.o)
 .text.arithmetic_common
                0x000286d0       0xac coreutils/lib.a(expr.o)
 .text.freev    0x0002877c       0x28 coreutils/lib.a(expr.o)
 .text.nextarg  0x000287a4       0x3c coreutils/lib.a(expr.o)
 .text.eval6    0x000287e0      0x264 coreutils/lib.a(expr.o)
 .text.eval5    0x00028a44       0x6c coreutils/lib.a(expr.o)
 .text.eval4    0x00028ab0       0xac coreutils/lib.a(expr.o)
 .text.eval3    0x00028b5c       0x94 coreutils/lib.a(expr.o)
 .text.eval2    0x00028bf0      0x1b4 coreutils/lib.a(expr.o)
 .text.eval1    0x00028da4       0x94 coreutils/lib.a(expr.o)
 .text.eval     0x00028e38       0x78 coreutils/lib.a(expr.o)
 .text.expr_main
                0x00028eb0       0x84 coreutils/lib.a(expr.o)
                0x00028eb0                expr_main
 .text.false_main
                0x00028f34        0x8 coreutils/lib.a(false.o)
                0x00028f34                false_main
 .text.head_main
                0x00028f3c      0x1e8 coreutils/lib.a(head.o)
                0x00028f3c                head_main
 .text.ln_main  0x00029124      0x20c coreutils/lib.a(ln.o)
                0x00029124                ln_main
 .text.fgcolor  0x00029330       0x54 coreutils/lib.a(ls.o)
 .text.bgcolor  0x00029384       0x34 coreutils/lib.a(ls.o)
 .text.append_char
                0x000293b8       0x64 coreutils/lib.a(ls.o)
 .text.count_dirs
                0x0002941c       0x7c coreutils/lib.a(ls.o)
 .text.sortcmp  0x00029498       0xb4 coreutils/lib.a(ls.o)
 .text.my_stat  0x0002954c       0xbc coreutils/lib.a(ls.o)
 .text.dnalloc  0x00029608       0x18 coreutils/lib.a(ls.o)
 .text.splitdnarray
                0x00029620       0xd8 coreutils/lib.a(ls.o)
 .text.showfiles
                0x000296f8      0x684 coreutils/lib.a(ls.o)
 .text.dnsort   0x00029d7c       0x10 coreutils/lib.a(ls.o)
 .text.showdirs
                0x00029d8c      0x294 coreutils/lib.a(ls.o)
 .text.ls_main  0x0002a020      0x424 coreutils/lib.a(ls.o)
                0x0002a020                ls_main
 .text.mkdir_main
                0x0002a444       0xc8 coreutils/lib.a(mkdir.o)
                0x0002a444                mkdir_main
 .text.mkfifo_main
                0x0002a50c       0x80 coreutils/lib.a(mkfifo.o)
                0x0002a50c                mkfifo_main
 .text.mknod_main
                0x0002a58c       0xfc coreutils/lib.a(mknod.o)
                0x0002a58c                mknod_main
 .text.mv_main  0x0002a688      0x23c coreutils/lib.a(mv.o)
                0x0002a688                mv_main
 .text.nice_main
                0x0002a8c4      0x114 coreutils/lib.a(nice.o)
                0x0002a8c4                nice_main
 .text.nohup_main
                0x0002a9d8      0x134 coreutils/lib.a(nohup.o)
                0x0002a9d8                nohup_main
 .text.od_main  0x0002ab0c      0x2dc coreutils/lib.a(od.o)
                0x0002ab0c                od_main
 .text.pwd_main
                0x0002ade8       0x3c coreutils/lib.a(pwd.o)
                0x0002ade8                pwd_main
 .text.rm_main  0x0002ae24      0x104 coreutils/lib.a(rm.o)
                0x0002ae24                rm_main
 .text.rmdir_main
                0x0002af28       0xd0 coreutils/lib.a(rmdir.o)
                0x0002af28                rmdir_main
 .text.sleep_main
                0x0002aff8       0x34 coreutils/lib.a(sleep.o)
                0x0002aff8                sleep_main
 .text.compare_keys
                0x0002b02c       0x8c coreutils/lib.a(sort.o)
 .text.sort_main
                0x0002b0b8      0x224 coreutils/lib.a(sort.o)
                0x0002b0b8                sort_main
 .text.stat_main
                0x0002b2dc       0xa4 coreutils/lib.a(stat.o)
                0x0002b2dc                stat_main
 .text.strcatc  0x0002b380       0x2c coreutils/lib.a(stat.o)
 .text.print_it
                0x0002b3ac      0x104 coreutils/lib.a(stat.o)
 .text.do_stat  0x0002b4b0       0xc4 coreutils/lib.a(stat.o)
 .text.do_statfs
                0x0002b574       0x90 coreutils/lib.a(stat.o)
 .text.printfs  0x0002b604       0x30 coreutils/lib.a(stat.o)
 .text.human_time
                0x0002b634       0x48 coreutils/lib.a(stat.o)
 .text.print_statfs
                0x0002b67c      0x1a0 coreutils/lib.a(stat.o)
 .text.print_stat
                0x0002b81c      0x43c coreutils/lib.a(stat.o)
 .text.mode_type_flag
                0x0002bc58       0x20 coreutils/lib.a(stty.o)
 .text.set_mode
                0x0002bc78      0x3e0 coreutils/lib.a(stty.o)
 .text.find_param
                0x0002c058       0x34 coreutils/lib.a(stty.o)
 .text.find_control
                0x0002c08c       0x38 coreutils/lib.a(stty.o)
 .text.find_mode
                0x0002c0c4       0x38 coreutils/lib.a(stty.o)
 .text.set_control_char_or_die
                0x0002c0fc       0xc8 coreutils/lib.a(stty.o)
 .text.perror_on_device
                0x0002c1c4       0x10 coreutils/lib.a(stty.o)
 .text.wrapf    0x0002c1d4       0xe0 coreutils/lib.a(stty.o)
 .text.display_window_size
                0x0002c2b4       0x88 coreutils/lib.a(stty.o)
 .text.set_window_size
                0x0002c33c       0x9c coreutils/lib.a(stty.o)
 .text.display_speed
                0x0002c3d8       0x80 coreutils/lib.a(stty.o)
 .text.recover_mode
                0x0002c458       0xcc coreutils/lib.a(stty.o)
 .text.set_speed_or_die
                0x0002c524       0x48 coreutils/lib.a(stty.o)
 .text.perror_on_device_and_die
                0x0002c56c       0x10 coreutils/lib.a(stty.o)
 .text.stty_main
                0x0002c57c      0x578 coreutils/lib.a(stty.o)
                0x0002c57c                stty_main
 .text.display_recoverable
                0x0002caf4       0x64 coreutils/lib.a(stty.o)
 .text.do_display
                0x0002cb58      0x254 coreutils/lib.a(stty.o)
 .text.sync_main
                0x0002cdac       0x20 coreutils/lib.a(sync.o)
                0x0002cdac                sync_main
 .text.eat_num  0x0002cdcc       0x34 coreutils/lib.a(tail.o)
 .text.tail_xprint_header
                0x0002ce00       0x2c coreutils/lib.a(tail.o)
 .text.tail_read
                0x0002ce2c       0xa0 coreutils/lib.a(tail.o)
 .text.tail_main
                0x0002cecc      0x4d8 coreutils/lib.a(tail.o)
                0x0002cecc                tail_main
 .text.t_lex    0x0002d3a4       0x6c coreutils/lib.a(test.o)
 .text.syntax   0x0002d410       0x54 coreutils/lib.a(test.o)
 .text.getn     0x0002d464       0x78 coreutils/lib.a(test.o)
 .text.binop    0x0002d4dc      0x234 coreutils/lib.a(test.o)
 .text.nexpr    0x0002d710      0x3c8 coreutils/lib.a(test.o)
 .text.aexpr    0x0002dad8       0x78 coreutils/lib.a(test.o)
 .text.oexpr    0x0002db50       0x78 coreutils/lib.a(test.o)
 .text.test_main
                0x0002dbc8      0x228 coreutils/lib.a(test.o)
                0x0002dbc8                test_main
 .text.true_main
                0x0002ddf0        0x8 coreutils/lib.a(true.o)
                0x0002ddf0                true_main
 .text.usleep_main
                0x0002ddf8       0x34 coreutils/lib.a(usleep.o)
                0x0002ddf8                usleep_main
 .text.wc_main  0x0002de2c      0x2b0 coreutils/lib.a(wc.o)
                0x0002de2c                wc_main
 .text.yes_main
                0x0002e0dc       0x64 coreutils/lib.a(yes.o)
                0x0002e0dc                yes_main
 .text.cp_mv_stat2
                0x0002e140       0x70 coreutils/libcoreutils/lib.a(cp_mv_stat.o)
                0x0002e140                cp_mv_stat2
 .text.cp_mv_stat
                0x0002e1b0        0xc coreutils/libcoreutils/lib.a(cp_mv_stat.o)
                0x0002e1b0                cp_mv_stat
 .text.getopt_mk_fifo_nod
                0x0002e1bc       0x60 coreutils/libcoreutils/lib.a(getopt_mk_fifo_nod.o)
                0x0002e1bc                getopt_mk_fifo_nod
 .text.hashidx  0x0002e21c       0x28 editors/lib.a(awk.o)
 .text.skip_spaces
                0x0002e244       0x5c editors/lib.a(awk.o)
 .text.nextword
                0x0002e2a0       0x20 editors/lib.a(awk.o)
 .text.rollback_token
                0x0002e2c0       0x18 editors/lib.a(awk.o)
 .text.nextarg  0x0002e2d8       0x38 editors/lib.a(awk.o)
 .text.new_node
                0x0002e310       0x2c editors/lib.a(awk.o)
 .text.hash_init
                0x0002e33c       0x2c editors/lib.a(awk.o)
 .text.iamarray
                0x0002e368       0x3c editors/lib.a(awk.o)
 .text.nvalloc  0x0002e3a4       0xdc editors/lib.a(awk.o)
 .text.qrealloc
                0x0002e480       0x4c editors/lib.a(awk.o)
 .text.clrvar   0x0002e4cc       0x44 editors/lib.a(awk.o)
 .text.fsrealloc
                0x0002e510       0xac editors/lib.a(awk.o)
 .text.clear_array
                0x0002e5bc       0x68 editors/lib.a(awk.o)
 .text.zero_out_var
                0x0002e624        0xc editors/lib.a(awk.o)
 .text.chain_node
                0x0002e630       0x84 editors/lib.a(awk.o)
 .text.mk_re_node
                0x0002e6b4       0x48 editors/lib.a(awk.o)
 .text.mk_splitter
                0x0002e6fc       0x60 editors/lib.a(awk.o)
 .text.getvar_i
                0x0002e75c       0xb4 editors/lib.a(awk.o)
 .text.is_numeric
                0x0002e810       0x24 editors/lib.a(awk.o)
 .text.istrue   0x0002e834       0x58 editors/lib.a(awk.o)
 .text.hash_remove
                0x0002e88c       0x94 editors/lib.a(awk.o)
 .text.hash_search
                0x0002e920       0x58 editors/lib.a(awk.o)
 .text.hash_find
                0x0002e978      0x12c editors/lib.a(awk.o)
 .text.nextchar
                0x0002eaa4       0x4c editors/lib.a(awk.o)
 .text.afopen   0x0002eaf0       0x2c editors/lib.a(awk.o)
 .text.syntax_error
                0x0002eb1c       0x24 editors/lib.a(awk.o)
 .text.fmt_num  0x0002eb40      0x130 editors/lib.a(awk.o)
 .text.getvar_s
                0x0002ec70       0x90 editors/lib.a(awk.o)
 .text.handle_special
                0x0002ed00      0x1c0 editors/lib.a(awk.o)
 .text.copyvar  0x0002eec0       0x70 editors/lib.a(awk.o)
 .text.setvar_i
                0x0002ef30       0x38 editors/lib.a(awk.o)
 .text.incvar   0x0002ef68       0x30 editors/lib.a(awk.o)
 .text.setvar_p
                0x0002ef98       0x2c editors/lib.a(awk.o)
 .text.setvar_s
                0x0002efc4       0x3c editors/lib.a(awk.o)
 .text.awk_getline
                0x0002f000      0x320 editors/lib.a(awk.o)
 .text.setvar_u
                0x0002f320       0x20 editors/lib.a(awk.o)
 .text.is_assignment
                0x0002f340       0xd0 editors/lib.a(awk.o)
 .text.next_input_file
                0x0002f410      0x130 editors/lib.a(awk.o)
 .text.setari_u
                0x0002f540       0x50 editors/lib.a(awk.o)
 .text.awk_split
                0x0002f590      0x284 editors/lib.a(awk.o)
 .text.split_f0
                0x0002f814       0xd0 editors/lib.a(awk.o)
 .text.next_token
                0x0002f8e4      0x454 editors/lib.a(awk.o)
 .text.condition
                0x0002fd38       0x20 editors/lib.a(awk.o)
 .text.parse_expr
                0x0002fd58      0x320 editors/lib.a(awk.o)
 .text.chain_expr
                0x00030078       0x38 editors/lib.a(awk.o)
 .text.chain_group
                0x000300b0      0x2c0 editors/lib.a(awk.o)
 .text.parse_program
                0x00030370      0x16c editors/lib.a(awk.o)
 .text.chain_loop
                0x000304dc       0x8c editors/lib.a(awk.o)
 .text.nvfree   0x00030568       0xd8 editors/lib.a(awk.o)
 .text.awk_exit
                0x00030640       0x9c editors/lib.a(awk.o)
 .text.evaluate
                0x000306dc     0x18c0 editors/lib.a(awk.o)
 .text.awk_main
                0x00031f9c      0x4cc editors/lib.a(awk.o)
                0x00031f9c                awk_main
 .text.awk_printf
                0x00032468      0x224 editors/lib.a(awk.o)
 .text.ptest    0x0003268c       0x28 editors/lib.a(awk.o)
 .text.as_regex
                0x000326b4       0x90 editors/lib.a(awk.o)
 .text.awk_sub  0x00032744      0x294 editors/lib.a(awk.o)
 .text.parse_escapes
                0x000329d8       0x7c editors/lib.a(sed.o)
 .text.index_of_next_unescaped_regexp_delim
                0x00032a54       0xbc editors/lib.a(sed.o)
 .text.copy_parsing_escapes
                0x00032b10       0x64 editors/lib.a(sed.o)
 .text.parse_regex_delim
                0x00032b74       0x88 editors/lib.a(sed.o)
 .text.get_address
                0x00032bfc       0xf4 editors/lib.a(sed.o)
 .text.parse_file_cmd
                0x00032cf0       0x9c editors/lib.a(sed.o)
 .text.add_cmd  0x00032d8c      0x5c0 editors/lib.a(sed.o)
 .text.add_cmd_block
                0x0003334c       0xa0 editors/lib.a(sed.o)
 .text.add_input_file
                0x000333ec       0x44 editors/lib.a(sed.o)
 .text.pipe_putc
                0x00033430       0x5c editors/lib.a(sed.o)
 .text.append   0x0003348c       0x24 editors/lib.a(sed.o)
 .text.puts_maybe_newline
                0x000334b0       0xac editors/lib.a(sed.o)
 .text.flush_append
                0x0003355c       0x4c editors/lib.a(sed.o)
 .text.get_next_line
                0x000335a8       0xc8 editors/lib.a(sed.o)
 .text.process_files
                0x00033670      0xa40 editors/lib.a(sed.o)
 .text.sed_main
                0x000340b0      0x30c editors/lib.a(sed.o)
                0x000340b0                sed_main
 .text.cleanup_outname
                0x000343bc       0x18 editors/lib.a(sed.o)
 .text.next_tabstop
                0x000343d4       0x34 editors/lib.a(vi.o)
 .text.dot_left
                0x00034408       0x30 editors/lib.a(vi.o)
 .text.dot_right
                0x00034438       0x34 editors/lib.a(vi.o)
 .text.find_pair
                0x0003446c       0xbc editors/lib.a(vi.o)
 .text.end_cmd_q
                0x00034528       0x28 editors/lib.a(vi.o)
 .text.what_reg
                0x00034550       0x38 editors/lib.a(vi.o)
 .text.screen_erase
                0x00034588       0x20 editors/lib.a(vi.o)
 .text.show_help
                0x000345a8        0xc editors/lib.a(vi.o)
 .text.new_screen
                0x000345b4       0x74 editors/lib.a(vi.o)
 .text.rawmode  0x00034628       0xa8 editors/lib.a(vi.o)
 .text.file_size
                0x000346d0       0x44 editors/lib.a(vi.o)
 .text.status_line
                0x00034714       0x54 editors/lib.a(vi.o)
 .text.status_line_bold
                0x00034768       0x7c editors/lib.a(vi.o)
 .text.text_hole_delete
                0x000347e4       0xcc editors/lib.a(vi.o)
 .text.text_hole_make
                0x000348b0       0xa8 editors/lib.a(vi.o)
 .text.stupid_insert
                0x00034958       0x30 editors/lib.a(vi.o)
 .text.write1   0x00034988       0x10 editors/lib.a(vi.o)
 .text.standout_end
                0x00034998        0xc editors/lib.a(vi.o)
 .text.standout_start
                0x000349a4        0xc editors/lib.a(vi.o)
 .text.clear_to_eos
                0x000349b0        0xc editors/lib.a(vi.o)
 .text.clear_to_eol
                0x000349bc        0xc editors/lib.a(vi.o)
 .text.file_insert
                0x000349c8      0x1cc editors/lib.a(vi.o)
 .text.catch_sig
                0x00034b94       0x38 editors/lib.a(vi.o)
 .text.dot_skip_over_ws
                0x00034bcc       0x50 editors/lib.a(vi.o)
 .text.not_implemented
                0x00034c1c      0x140 editors/lib.a(vi.o)
 .text.mycmp    0x00034d5c       0x3c editors/lib.a(vi.o)
 .text.setops   0x00034d98       0x7c editors/lib.a(vi.o)
 .text.text_yank
                0x00034e14       0x70 editors/lib.a(vi.o)
 .text.yank_delete
                0x00034e84       0x9c editors/lib.a(vi.o)
 .text.string_insert
                0x00034f20       0x88 editors/lib.a(vi.o)
 .text.file_write
                0x00034fa8       0x78 editors/lib.a(vi.o)
 .text.cookmode
                0x00035020       0x3c editors/lib.a(vi.o)
 .text.mysleep  0x0003505c       0x40 editors/lib.a(vi.o)
 .text.readit   0x0003509c      0x1d4 editors/lib.a(vi.o)
 .text.get_one_char
                0x00035270       0xa4 editors/lib.a(vi.o)
 .text.begin_line
                0x00035314       0x44 editors/lib.a(vi.o)
 .text.move_to_col
                0x00035358       0x78 editors/lib.a(vi.o)
 .text.dot_begin
                0x000353d0       0x20 editors/lib.a(vi.o)
 .text.prev_line
                0x000353f0       0x3c editors/lib.a(vi.o)
 .text.dot_prev
                0x0003542c       0x20 editors/lib.a(vi.o)
 .text.end_line
                0x0003544c       0x44 editors/lib.a(vi.o)
 .text.dot_end  0x00035490       0x20 editors/lib.a(vi.o)
 .text.count_lines
                0x000354b0       0x78 editors/lib.a(vi.o)
 .text.next_line
                0x00035528       0x3c editors/lib.a(vi.o)
 .text.char_search
                0x00035564       0xdc editors/lib.a(vi.o)
 .text.get_one_address
                0x00035640      0x16c editors/lib.a(vi.o)
 .text.dot_next
                0x000357ac       0x20 editors/lib.a(vi.o)
 .text.find_line
                0x000357cc       0x38 editors/lib.a(vi.o)
 .text.end_screen
                0x00035804       0x50 editors/lib.a(vi.o)
 .text.dot_scroll
                0x00035854       0x84 editors/lib.a(vi.o)
 .text.skip_thing
                0x000358d8      0x130 editors/lib.a(vi.o)
 .text.place_cursor
                0x00035a08      0x170 editors/lib.a(vi.o)
 .text.refresh  0x00035b78      0x55c editors/lib.a(vi.o)
 .text.show_status_line
                0x000360d4      0x2a4 editors/lib.a(vi.o)
 .text.redraw   0x00036378       0x40 editors/lib.a(vi.o)
 .text.Indicate_Error
                0x000363b8       0x58 editors/lib.a(vi.o)
 .text.char_insert
                0x00036410      0x1f8 editors/lib.a(vi.o)
 .text.init_text_buffer
                0x00036608       0xec editors/lib.a(vi.o)
 .text.bound_dot
                0x000366f4       0x58 editors/lib.a(vi.o)
 .text.winch_sig
                0x0003674c       0x74 editors/lib.a(vi.o)
 .text.Hit_Return
                0x000367c0       0x40 editors/lib.a(vi.o)
 .text.get_input_line
                0x00036800      0x128 editors/lib.a(vi.o)
 .text.colon    0x00036928      0xf1c editors/lib.a(vi.o)
 .text.suspend_sig
                0x00037844       0x64 editors/lib.a(vi.o)
 .text.do_cmd   0x000378a8     0x1864 editors/lib.a(vi.o)
 .text.find_range
                0x0003910c      0x20c editors/lib.a(vi.o)
 .text.edit_file
                0x00039318      0x384 editors/lib.a(vi.o)
 .text.vi_main  0x0003969c      0x1cc editors/lib.a(vi.o)
                0x0003969c                vi_main
 .text.cont_sig
                0x00039868       0x54 editors/lib.a(vi.o)
 .text.exec_actions
                0x000398bc       0x80 findutils/lib.a(find.o)
 .text.func_type
                0x0003993c       0x1c findutils/lib.a(find.o)
 .text.func_perm
                0x00039958       0x68 findutils/lib.a(find.o)
 .text.func_newer
                0x000399c0       0x18 findutils/lib.a(find.o)
 .text.func_inum
                0x000399d8       0x18 findutils/lib.a(find.o)
 .text.func_user
                0x000399f0       0x18 findutils/lib.a(find.o)
 .text.func_group
                0x00039a08       0x18 findutils/lib.a(find.o)
 .text.func_paren
                0x00039a20       0x18 findutils/lib.a(find.o)
 .text.func_size
                0x00039a38       0x58 findutils/lib.a(find.o)
 .text.func_prune
                0x00039a90        0x8 findutils/lib.a(find.o)
 .text.plus_minus_num
                0x00039a98       0x14 findutils/lib.a(find.o)
 .text.alloc_action.7520
                0x00039aac       0x74 findutils/lib.a(find.o)
 .text.func_mmin
                0x00039b20       0x88 findutils/lib.a(find.o)
 .text.func_mtime
                0x00039ba8       0x94 findutils/lib.a(find.o)
 .text.func_regex
                0x00039c3c       0x5c findutils/lib.a(find.o)
 .text.func_path
                0x00039c98       0x28 findutils/lib.a(find.o)
 .text.func_name
                0x00039cc0       0x88 findutils/lib.a(find.o)
 .text.func_exec
                0x00039d48      0x150 findutils/lib.a(find.o)
 .text.func_print0
                0x00039e98       0x2c findutils/lib.a(find.o)
 .text.fileAction
                0x00039ec4       0xe0 findutils/lib.a(find.o)
 .text.func_print
                0x00039fa4       0x18 findutils/lib.a(find.o)
 .text.parse_params
                0x00039fbc      0x658 findutils/lib.a(find.o)
 .text.find_main
                0x0003a614      0x1fc findutils/lib.a(find.o)
                0x0003a614                find_main
 .text.add_grep_list_data
                0x0003a810       0x18 findutils/lib.a(grep.o)
 .text.print_line
                0x0003a828       0xe0 findutils/lib.a(grep.o)
 .text.grep_file
                0x0003a908      0x3ac findutils/lib.a(grep.o)
 .text.grep_main
                0x0003acb4      0x418 findutils/lib.a(grep.o)
                0x0003acb4                grep_main
 .text.file_action_grep
                0x0003b0cc       0x80 findutils/lib.a(grep.o)
 .text.xargs_main
                0x0003b14c      0x3cc findutils/lib.a(xargs.o)
                0x0003b14c                xargs_main
 .text.process0_stdin
                0x0003b518      0x128 findutils/lib.a(xargs.o)
 .text.process_stdin
                0x0003b640      0x234 findutils/lib.a(xargs.o)
 .text.cont_handler
                0x0003b874       0x14 init/lib.a(init.o)
 .text.loop_forever
                0x0003b888       0x14 init/lib.a(init.o)
 .text.init_reboot
                0x0003b89c       0x40 init/lib.a(init.o)
 .text.set_sane_term
                0x0003b8dc       0xac init/lib.a(init.o)
 .text.new_init_action
                0x0003b988       0xc0 init/lib.a(init.o)
 .text.delete_init_action
                0x0003ba48       0x48 init/lib.a(init.o)
 .text.message  0x0003ba90      0x11c init/lib.a(init.o)
 .text.parse_inittab
                0x0003bbac      0x2a4 init/lib.a(init.o)
 .text.stop_handler
                0x0003be50       0x48 init/lib.a(init.o)
 .text.shutdown_system
                0x0003be98      0x124 init/lib.a(init.o)
 .text.shutdown_signal
                0x0003bfbc       0x78 init/lib.a(init.o)
 .text.open_stdio_to_tty
                0x0003c034       0xa8 init/lib.a(init.o)
 .text.run      0x0003c0dc      0x27c init/lib.a(init.o)
 .text.run_actions
                0x0003c358       0xc4 init/lib.a(init.o)
 .text.init_main
                0x0003c41c      0x478 init/lib.a(init.o)
                0x0003c41c                init_main
 .text.reload_signal
                0x0003c894       0x80 init/lib.a(init.o)
 .text.ctrlaltdel_signal
                0x0003c914        0x8 init/lib.a(init.o)
 .text.exec_signal
                0x0003c91c      0x138 init/lib.a(init.o)
 .text.bb_ask_confirmation
                0x0003ca54       0x54 libbb/lib.a(ask_confirmation.o)
                0x0003ca54                bb_ask_confirmation
 .text.xuname2uid
                0x0003caa8       0x2c libbb/lib.a(bb_pwd.o)
                0x0003caa8                xuname2uid
 .text.xgroup2gid
                0x0003cad4       0x2c libbb/lib.a(bb_pwd.o)
                0x0003cad4                xgroup2gid
 .text.bb_getug
                0x0003cb00       0x84 libbb/lib.a(bb_pwd.o)
 .text.bb_getgrgid
                0x0003cb84       0x48 libbb/lib.a(bb_pwd.o)
                0x0003cb84                bb_getgrgid
 .text.bb_getpwuid
                0x0003cbcc       0x48 libbb/lib.a(bb_pwd.o)
                0x0003cbcc                bb_getpwuid
 .text.ret_ERANGE
                0x0003cc14       0x20 libbb/lib.a(bb_strtonum.o)
 .text.handle_errors
                0x0003cc34       0x7c libbb/lib.a(bb_strtonum.o)
 .text.bb_strtol
                0x0003ccb0       0x74 libbb/lib.a(bb_strtonum.o)
                0x0003ccb0                bb_strtol
 .text.bb_strtoul
                0x0003cd24       0x68 libbb/lib.a(bb_strtonum.o)
                0x0003cd24                bb_strtoul
 .text.chomp    0x0003cd8c       0x24 libbb/lib.a(chomp.o)
                0x0003cd8c                chomp
 .text.nth_string
                0x0003cdb0       0x38 libbb/lib.a(compare_string_array.o)
                0x0003cdb0                nth_string
 .text.index_in_strings
                0x0003cde8       0x54 libbb/lib.a(compare_string_array.o)
                0x0003cde8                index_in_strings
 .text.concat_path_file
                0x0003ce3c       0x70 libbb/lib.a(concat_path_file.o)
                0x0003ce3c                concat_path_file
 .text.concat_subpath_file
                0x0003ceac       0x44 libbb/lib.a(concat_subpath_file.o)
                0x0003ceac                concat_subpath_file
 .text.ask_and_unlink
                0x0003cef0       0x84 libbb/lib.a(copy_file.o)
 .text.copy_file
                0x0003cf74      0x5d8 libbb/lib.a(copy_file.o)
                0x0003cf74                copy_file
 .text.crc32_filltable
                0x0003d54c       0xa0 libbb/lib.a(crc32.o)
                0x0003d54c                crc32_filltable
 .text.device_open
                0x0003d5ec       0x58 libbb/lib.a(device_open.o)
                0x0003d5ec                device_open
 .text.bb_dump_add
                0x0003d644      0x214 libbb/lib.a(dump.o)
                0x0003d644                bb_dump_add
 .text.bb_dump_size
                0x0003d858      0x11c libbb/lib.a(dump.o)
                0x0003d858                bb_dump_size
 .text.next     0x0003d974      0x1c4 libbb/lib.a(dump.o)
 .text.bb_dump_dump
                0x0003db38      0xcf8 libbb/lib.a(dump.o)
                0x0003db38                bb_dump_dump
 .text.fclose_if_not_stdin
                0x0003e830       0x20 libbb/lib.a(fclose_nonstdin.o)
                0x0003e830                fclose_if_not_stdin
 .text.fflush_stdout_and_exit
                0x0003e850       0x30 libbb/lib.a(fflush_stdout_and_exit.o)
                0x0003e850                fflush_stdout_and_exit
 .text.find_mount_point
                0x0003e880      0x128 libbb/lib.a(find_mount_point.o)
                0x0003e880                find_mount_point
 .text.find_pid_by_name
                0x0003e9a8       0xa4 libbb/lib.a(find_pid_by_name.o)
                0x0003e9a8                find_pid_by_name
 .text.bb_get_chunk_from_file
                0x0003ea4c       0xac libbb/lib.a(get_line_from_file.o)
                0x0003ea4c                bb_get_chunk_from_file
 .text.xmalloc_getline
                0x0003eaf8       0x40 libbb/lib.a(get_line_from_file.o)
                0x0003eaf8                xmalloc_getline
 .text.xmalloc_fgets
                0x0003eb38       0x18 libbb/lib.a(get_line_from_file.o)
                0x0003eb38                xmalloc_fgets
 .text.getopt32
                0x0003eb50      0x600 libbb/lib.a(getopt32.o)
                0x0003eb50                getopt32
 .text.make_human_readable_str
                0x0003f150      0x124 libbb/lib.a(human_readable.o)
                0x0003f150                make_human_readable_str
 .text.is_in_ino_dev_hashtable
                0x0003f274       0x80 libbb/lib.a(inode_hash.o)
                0x0003f274                is_in_ino_dev_hashtable
 .text.add_to_ino_dev_hashtable
                0x0003f2f4       0x9c libbb/lib.a(inode_hash.o)
                0x0003f2f4                add_to_ino_dev_hashtable
 .text.is_directory
                0x0003f390       0x6c libbb/lib.a(isdirectory.o)
                0x0003f390                is_directory
 .text.new_line_input_t
                0x0003f3fc       0x18 libbb/lib.a(lineedit.o)
                0x0003f3fc                new_line_input_t
 .text.input_backward
                0x0003f414       0xd8 libbb/lib.a(lineedit.o)
 .text.get_previous_history
                0x0003f4ec       0x78 libbb/lib.a(lineedit.o)
 .text.free_tab_completion_data
                0x0003f564       0x58 libbb/lib.a(lineedit.o)
 .text.deinit_S
                0x0003f5bc       0x48 libbb/lib.a(lineedit.o)
 .text.put_prompt
                0x0003f604       0x44 libbb/lib.a(lineedit.o)
 .text.parse_and_put_prompt
                0x0003f648      0x37c libbb/lib.a(lineedit.o)
 .text.beep     0x0003f9c4        0x8 libbb/lib.a(lineedit.o)
 .text.get_next_history
                0x0003f9cc       0x5c libbb/lib.a(lineedit.o)
 .text.cmdedit_set_out_char
                0x0003fa28       0x80 libbb/lib.a(lineedit.o)
 .text.input_forward
                0x0003faa8       0x2c libbb/lib.a(lineedit.o)
 .text.input_end
                0x0003fad4       0x30 libbb/lib.a(lineedit.o)
 .text.input_delete
                0x0003fb04       0x68 libbb/lib.a(lineedit.o)
 .text.input_backspace
                0x0003fb6c       0x40 libbb/lib.a(lineedit.o)
 .text.redraw   0x0003fbac       0x4c libbb/lib.a(lineedit.o)
 .text.goto_new_line
                0x0003fbf8       0x3c libbb/lib.a(lineedit.o)
 .text.match_compare
                0x0003fc34        0xc libbb/lib.a(lineedit.o)
 .text.add_quote_for_spec_chars
                0x0003fc40       0x64 libbb/lib.a(lineedit.o)
 .text.exe_n_cwd_tab_completion
                0x0003fca4      0x340 libbb/lib.a(lineedit.o)
 .text.input_tab
                0x0003ffe4      0xaf4 libbb/lib.a(lineedit.o)
 .text.win_changed
                0x00040ad8       0x94 libbb/lib.a(lineedit.o)
 .text.read_line_input
                0x00040b6c      0x730 libbb/lib.a(lineedit.o)
                0x00040b6c                read_line_input
 .text.llist_pop
                0x0004129c       0x30 libbb/lib.a(llist.o)
                0x0004129c                llist_pop
 .text.llist_add_to_end
                0x000412cc       0x54 libbb/lib.a(llist.o)
                0x000412cc                llist_add_to_end
 .text.llist_add_to
                0x00041320       0x30 libbb/lib.a(llist.o)
                0x00041320                llist_add_to
 .text.del_loop
                0x00041350       0x44 libbb/lib.a(loop.o)
                0x00041350                del_loop
 .text.set_loop
                0x00041394      0x294 libbb/lib.a(loop.o)
                0x00041394                set_loop
 .text.query_loop
                0x00041628       0x68 libbb/lib.a(loop.o)
                0x00041628                query_loop
 .text.bb_make_directory
                0x00041690      0x180 libbb/lib.a(make_directory.o)
                0x00041690                bb_make_directory
 .text.bb_makedev
                0x00041810       0x54 libbb/lib.a(makedev.o)
                0x00041810                bb_makedev
 .text.match_fstype
                0x00041864       0xb4 libbb/lib.a(match_fstype.o)
                0x00041864                match_fstype
 .text.bb_mode_string
                0x00041918       0xb4 libbb/lib.a(mode_string.o)
                0x00041918                bb_mode_string
 .text.bb_parse_mode
                0x000419cc      0x24c libbb/lib.a(parse_mode.o)
                0x000419cc                bb_parse_mode
 .text.bb_perror_nomsg_and_die
                0x00041c18        0x8 libbb/lib.a(perror_nomsg_and_die.o)
                0x00041c18                bb_perror_nomsg_and_die
 .text.bb_process_escape_sequence
                0x00041c20       0xcc libbb/lib.a(process_escape_sequence.o)
                0x00041c20                bb_process_escape_sequence
 .text.read_cmdline
                0x00041cec       0xa8 libbb/lib.a(procps.o)
                0x00041cec                read_cmdline
 .text.clear_cache
                0x00041d94       0x20 libbb/lib.a(procps.o)
 .text.clear_username_cache
                0x00041db4       0x28 libbb/lib.a(procps.o)
                0x00041db4                clear_username_cache
 .text.read_to_buf
                0x00041ddc       0x54 libbb/lib.a(procps.o)
 .text.free_procps_scan
                0x00041e30       0x24 libbb/lib.a(procps.o)
                0x00041e30                free_procps_scan
 .text.alloc_procps_scan
                0x00041e54       0x54 libbb/lib.a(procps.o)
                0x00041e54                alloc_procps_scan
 .text.get_cached
                0x00041ea8       0x94 libbb/lib.a(procps.o)
 .text.get_cached_groupname
                0x00041f3c       0x18 libbb/lib.a(procps.o)
                0x00041f3c                get_cached_groupname
 .text.get_cached_username
                0x00041f54       0x18 libbb/lib.a(procps.o)
                0x00041f54                get_cached_username
 .text.procps_scan
                0x00041f6c      0x2b8 libbb/lib.a(procps.o)
                0x00041f6c                procps_scan
 .text.true_action
                0x00042224        0x8 libbb/lib.a(recursive_action.o)
 .text.recursive_action
                0x0004222c      0x1a4 libbb/lib.a(recursive_action.o)
                0x0004222c                recursive_action
 .text.remove_file
                0x000423d0      0x254 libbb/lib.a(remove_file.o)
                0x000423d0                remove_file
 .text.safe_poll
                0x00042624       0x64 libbb/lib.a(safe_poll.o)
                0x00042624                safe_poll
 .text.safe_strncpy
                0x00042688       0x24 libbb/lib.a(safe_strncpy.o)
                0x00042688                safe_strncpy
 .text.bb_simplify_path
                0x000426ac       0xfc libbb/lib.a(simplify_path.o)
                0x000426ac                bb_simplify_path
 .text.skip_whitespace
                0x000427a8       0x28 libbb/lib.a(skip_whitespace.o)
                0x000427a8                skip_whitespace
 .text.tty_baud_to_value
                0x000427d0       0x54 libbb/lib.a(speed_table.o)